Archive member included to satisfy reference by file (symbol)

c:/vsarm/armcc/bin/../lib/gcc/arm-none-eabi/10.3.1/thumb/v6-m/nofp\libgcc.a(_dvmd_tls.o)
                              CMakeFiles/pio_ws2812.dir/C_/msys64/home/ebadger/pico-sdk/src/rp2_common/pico_divider/divider.S.obj (__aeabi_idiv0)
c:/vsarm/armcc/bin/../lib/gcc/arm-none-eabi/10.3.1/../../../../arm-none-eabi/lib/thumb/v6-m/nofp\libg.a(lib_a-calloc.o)
                              CMakeFiles/pio_ws2812.dir/C_/msys64/home/ebadger/pico-sdk/src/rp2_common/pico_malloc/pico_malloc.c.obj (calloc)
c:/vsarm/armcc/bin/../lib/gcc/arm-none-eabi/10.3.1/../../../../arm-none-eabi/lib/thumb/v6-m/nofp\libg.a(lib_a-callocr.o)
                              c:/vsarm/armcc/bin/../lib/gcc/arm-none-eabi/10.3.1/../../../../arm-none-eabi/lib/thumb/v6-m/nofp\libg.a(lib_a-calloc.o) (_calloc_r)
c:/vsarm/armcc/bin/../lib/gcc/arm-none-eabi/10.3.1/../../../../arm-none-eabi/lib/thumb/v6-m/nofp\libg.a(lib_a-errno.o)
                              c:/vsarm/armcc/bin/../lib/gcc/arm-none-eabi/10.3.1/../../../../arm-none-eabi/lib/thumb/v6-m/nofp\libg.a(lib_a-callocr.o) (__errno)
c:/vsarm/armcc/bin/../lib/gcc/arm-none-eabi/10.3.1/../../../../arm-none-eabi/lib/thumb/v6-m/nofp\libg.a(lib_a-impure.o)
                              c:/vsarm/armcc/bin/../lib/gcc/arm-none-eabi/10.3.1/../../../../arm-none-eabi/lib/thumb/v6-m/nofp\libg.a(lib_a-calloc.o) (_impure_ptr)
c:/vsarm/armcc/bin/../lib/gcc/arm-none-eabi/10.3.1/../../../../arm-none-eabi/lib/thumb/v6-m/nofp\libg.a(lib_a-init.o)
                              c:/vsarm/armcc/bin/../lib/gcc/arm-none-eabi/10.3.1/../../../../arm-none-eabi/lib/thumb/v6-m/nofp/crt0.o (__libc_init_array)
c:/vsarm/armcc/bin/../lib/gcc/arm-none-eabi/10.3.1/../../../../arm-none-eabi/lib/thumb/v6-m/nofp\libg.a(lib_a-malloc.o)
                              CMakeFiles/pio_ws2812.dir/C_/msys64/home/ebadger/pico-sdk/src/rp2_common/pico_malloc/pico_malloc.c.obj (malloc)
c:/vsarm/armcc/bin/../lib/gcc/arm-none-eabi/10.3.1/../../../../arm-none-eabi/lib/thumb/v6-m/nofp\libg.a(lib_a-mallocr.o)
                              c:/vsarm/armcc/bin/../lib/gcc/arm-none-eabi/10.3.1/../../../../arm-none-eabi/lib/thumb/v6-m/nofp\libg.a(lib_a-callocr.o) (_malloc_r)
c:/vsarm/armcc/bin/../lib/gcc/arm-none-eabi/10.3.1/../../../../arm-none-eabi/lib/thumb/v6-m/nofp\libg.a(lib_a-mlock.o)
                              c:/vsarm/armcc/bin/../lib/gcc/arm-none-eabi/10.3.1/../../../../arm-none-eabi/lib/thumb/v6-m/nofp\libg.a(lib_a-mallocr.o) (__malloc_lock)
c:/vsarm/armcc/bin/../lib/gcc/arm-none-eabi/10.3.1/../../../../arm-none-eabi/lib/thumb/v6-m/nofp\libg.a(lib_a-rand.o)
                              CMakeFiles/pio_ws2812.dir/ws2812.c.obj (rand)
c:/vsarm/armcc/bin/../lib/gcc/arm-none-eabi/10.3.1/../../../../arm-none-eabi/lib/thumb/v6-m/nofp\libg.a(lib_a-sbrkr.o)
                              c:/vsarm/armcc/bin/../lib/gcc/arm-none-eabi/10.3.1/../../../../arm-none-eabi/lib/thumb/v6-m/nofp\libg.a(lib_a-mallocr.o) (_sbrk_r)
c:/vsarm/armcc/bin/../lib/gcc/arm-none-eabi/10.3.1/../../../../arm-none-eabi/lib/thumb/v6-m/nofp\libg.a(lib_a-strlen-stub.o)
                              CMakeFiles/pio_ws2812.dir/C_/msys64/home/ebadger/pico-sdk/src/rp2_common/pico_stdio/stdio.c.obj (strlen)
c:/vsarm/armcc/bin/../lib/gcc/arm-none-eabi/10.3.1/../../../../arm-none-eabi/lib/thumb/v6-m/nofp\libg.a(lib_a-freer.o)
                              c:/vsarm/armcc/bin/../lib/gcc/arm-none-eabi/10.3.1/../../../../arm-none-eabi/lib/thumb/v6-m/nofp\libg.a(lib_a-malloc.o) (_free_r)
c:/vsarm/armcc/bin/../lib/gcc/arm-none-eabi/10.3.1/../../../../arm-none-eabi/lib/thumb/v6-m/nofp\libg.a(lib_a-lock.o)
                              c:/vsarm/armcc/bin/../lib/gcc/arm-none-eabi/10.3.1/../../../../arm-none-eabi/lib/thumb/v6-m/nofp\libg.a(lib_a-mlock.o) (__retarget_lock_acquire_recursive)
c:/vsarm/armcc/bin/../lib/gcc/arm-none-eabi/10.3.1/../../../../arm-none-eabi/lib/thumb/v6-m/nofp\libg.a(lib_a-reent.o)
                              c:/vsarm/armcc/bin/../lib/gcc/arm-none-eabi/10.3.1/../../../../arm-none-eabi/lib/thumb/v6-m/nofp\libg.a(lib_a-sbrkr.o) (errno)

Discarded input sections

 .text          0x00000000        0x0 c:/vsarm/armcc/bin/../lib/gcc/arm-none-eabi/10.3.1/thumb/v6-m/nofp/crti.o
 .data          0x00000000        0x0 c:/vsarm/armcc/bin/../lib/gcc/arm-none-eabi/10.3.1/thumb/v6-m/nofp/crti.o
 .bss           0x00000000        0x0 c:/vsarm/armcc/bin/../lib/gcc/arm-none-eabi/10.3.1/thumb/v6-m/nofp/crti.o
 .data          0x00000000        0x4 c:/vsarm/armcc/bin/../lib/gcc/arm-none-eabi/10.3.1/thumb/v6-m/nofp/crtbegin.o
 .rodata        0x00000000       0x24 c:/vsarm/armcc/bin/../lib/gcc/arm-none-eabi/10.3.1/thumb/v6-m/nofp/crtbegin.o
 .fini_array    0x00000000        0x4 c:/vsarm/armcc/bin/../lib/gcc/arm-none-eabi/10.3.1/thumb/v6-m/nofp/crtbegin.o
 .text          0x00000000       0x80 c:/vsarm/armcc/bin/../lib/gcc/arm-none-eabi/10.3.1/../../../../arm-none-eabi/lib/thumb/v6-m/nofp/crt0.o
[...]
Memory Configuration

Name             Origin             Length             Attributes
FLASH            0x10000000         0x00200000         xr
RAM              0x20000000         0x00040000         xrw
SCRATCH_X        0x20040000         0x00001000         xrw
SCRATCH_Y        0x20041000         0x00001000         xrw
*default*        0x00000000         0xffffffff

Linker script and memory map

LOAD c:/vsarm/armcc/bin/../lib/gcc/arm-none-eabi/10.3.1/thumb/v6-m/nofp/crti.o
LOAD c:/vsarm/armcc/bin/../lib/gcc/arm-none-eabi/10.3.1/thumb/v6-m/nofp/crtbegin.o
LOAD c:/vsarm/armcc/bin/../lib/gcc/arm-none-eabi/10.3.1/../../../../arm-none-eabi/lib/thumb/v6-m/nofp/crt0.o

.flash_begin    0x10000000        0x0
                0x10000000                __flash_binary_start = .

.boot2          0x10000000      0x100
                0x10000000                __boot2_start__ = .
 *(.boot2)
 .boot2         0x10000000      0x100 C:\Users\ebadger\AppData\Local\Temp\ccEp56Xh.o
                0x10000100                __boot2_end__ = .
                0x00000001                ASSERT (((__boot2_end__ - __boot2_start__) == 0x100), ERROR: Pico second stage bootloader must be 256 bytes in size)

.text           0x10000100     0x4870
                0x10000100                __logical_binary_start = .
 *(.vectors)
 .vectors       0x10000100       0xd4 CMakeFiles/pio_ws2812.dir/C_/msys64/home/ebadger/pico-sdk/src/rp2_common/pico_standard_link/crt0.S.obj
                0x10000100                __VECTOR_TABLE
                0x10000100                __vectors
                0x100001c0                isr_invalid
                0x100001c0                __default_isrs_start
                0x100001c2                isr_nmi
                0x100001c4                isr_hardfault
                0x100001c6                isr_svcall
                0x100001c8                isr_pendsv
                0x100001ca                isr_systick
                0x100001cc                isr_irq23
                0x100001cc                isr_irq18
                0x100001cc                isr_irq11
                0x100001cc                isr_irq28
                0x100001cc                isr_irq19
                0x100001cc                isr_irq0
                0x100001cc                isr_irq6
                0x100001cc                isr_irq5
                0x100001cc                isr_irq12
                0x100001cc                isr_irq22
                0x100001cc                isr_irq31
                0x100001cc                isr_irq17
                0x100001cc                isr_irq27
                0x100001cc                isr_irq30
                0x100001cc                isr_irq2
                0x100001cc                isr_irq10
                0x100001cc                isr_irq8
                0x100001cc                isr_irq24
                0x100001cc                isr_irq1
                0x100001cc                isr_irq7
                0x100001cc                isr_irq21
                0x100001cc                isr_irq20
                0x100001cc                isr_irq15
                0x100001cc                isr_irq25
                0x100001cc                isr_irq13
                0x100001cc                __unhandled_user_irq
                0x100001cc                isr_irq4
                0x100001cc                isr_irq16
                0x100001cc                isr_irq29
                0x100001cc                isr_irq26
                0x100001cc                __default_isrs_end
                0x100001cc                isr_irq3
                0x100001cc                isr_irq14
                0x100001cc                isr_irq9
                0x100001d2                unhandled_user_irq_num_in_r0
 *(.binary_info_header)
 .binary_info_header
                0x100001d4       0x14 CMakeFiles/pio_ws2812.dir/C_/msys64/home/ebadger/pico-sdk/src/rp2_common/pico_standard_link/crt0.S.obj
                0x100001e8                __binary_info_header_end = .
 *(.reset)
 .reset         0x100001e8       0xa8 CMakeFiles/pio_ws2812.dir/C_/msys64/home/ebadger/pico-sdk/src/rp2_common/pico_standard_link/crt0.S.obj
                0x100001e8                _entry_point
                0x10000266                __get_current_exception
 .reset         0x10000290       0x30 CMakeFiles/pio_ws2812.dir/C_/msys64/home/ebadger/pico-sdk/src/rp2_common/pico_standard_link/binary_info.c.obj
 *(.init)
 .init          0x100002c0        0x4 c:/vsarm/armcc/bin/../lib/gcc/arm-none-eabi/10.3.1/thumb/v6-m/nofp/crti.o
                0x100002c0                _init
 *(EXCLUDE_FILE(*libm.a: *libc.a:*lib_a-mem*.o *libgcc.a:) .text*)
 .text          0x100002c4       0x48 c:/vsarm/armcc/bin/../lib/gcc/arm-none-eabi/10.3.1/thumb/v6-m/nofp/crtbegin.o
 .text.pattern_snakes
                0x1000030c       0x70 CMakeFiles/pio_ws2812.dir/ws2812.c.obj
                0x1000030c                pattern_snakes
 .text.pattern_greys
                0x1000037c       0x48 CMakeFiles/pio_ws2812.dir/ws2812.c.obj
                0x1000037c                pattern_greys
 .text.pattern_random
                0x100003c4       0x2c CMakeFiles/pio_ws2812.dir/ws2812.c.obj
                0x100003c4                pattern_random
 .text.pattern_sparkle
                0x100003f0       0x3c CMakeFiles/pio_ws2812.dir/ws2812.c.obj
                0x100003f0                pattern_sparkle
 .text.main     0x1000042c      0x1a4 CMakeFiles/pio_ws2812.dir/ws2812.c.obj
                0x1000042c                main
 .text.gpio_set_function
                0x100005d0       0x30 CMakeFiles/pio_ws2812.dir/C_/msys64/home/ebadger/pico-sdk/src/rp2_common/hardware_gpio/gpio.c.obj
                0x100005d0                gpio_set_function
 .text.hw_claim_lock
                0x10000600       0x18 CMakeFiles/pio_ws2812.dir/C_/msys64/home/ebadger/pico-sdk/src/rp2_common/hardware_claim/claim.c.obj
                0x10000600                hw_claim_lock
 .text.hw_claim_unlock
                0x10000618       0x14 CMakeFiles/pio_ws2812.dir/C_/msys64/home/ebadger/pico-sdk/src/rp2_common/hardware_claim/claim.c.obj
                0x10000618                hw_claim_unlock
 .text.hw_claim_or_assert
                0x1000062c       0x32 CMakeFiles/pio_ws2812.dir/C_/msys64/home/ebadger/pico-sdk/src/rp2_common/hardware_claim/claim.c.obj
                0x1000062c                hw_claim_or_assert
 *fill*         0x1000065e        0x2 
 .text.running_on_fpga
                0x10000660       0x14 CMakeFiles/pio_ws2812.dir/C_/msys64/home/ebadger/pico-sdk/src/rp2_common/pico_platform/platform.c.obj
                0x10000660                running_on_fpga
 .text.spin_locks_reset
                0x10000674       0x20 CMakeFiles/pio_ws2812.dir/C_/msys64/home/ebadger/pico-sdk/src/rp2_common/hardware_sync/sync.c.obj
                0x10000674                spin_locks_reset
 .text.next_striped_spin_lock_num
                0x10000694       0x1c CMakeFiles/pio_ws2812.dir/C_/msys64/home/ebadger/pico-sdk/src/rp2_common/hardware_sync/sync.c.obj
                0x10000694                next_striped_spin_lock_num
 .text.uart_set_baudrate
                0x100006b0       0x5c CMakeFiles/pio_ws2812.dir/C_/msys64/home/ebadger/pico-sdk/src/rp2_common/hardware_uart/uart.c.obj
                0x100006b0                uart_set_baudrate
 .text.uart_set_translate_crlf
                0x1000070c       0x28 CMakeFiles/pio_ws2812.dir/C_/msys64/home/ebadger/pico-sdk/src/rp2_common/hardware_uart/uart.c.obj
                0x1000070c                uart_set_translate_crlf
 .text.uart_init
                0x10000734       0x80 CMakeFiles/pio_ws2812.dir/C_/msys64/home/ebadger/pico-sdk/src/rp2_common/hardware_uart/uart.c.obj
                0x10000734                uart_init
 .text.alarm_pool_post_alloc_init
                0x100007b4       0x40 CMakeFiles/pio_ws2812.dir/C_/msys64/home/ebadger/pico-sdk/src/common/pico_time/time.c.obj
 .text.sleep_until_callback
                0x100007f4       0x30 CMakeFiles/pio_ws2812.dir/C_/msys64/home/ebadger/pico-sdk/src/common/pico_time/time.c.obj
 .text.timer_pool_entry_comparator
                0x10000824       0x7c CMakeFiles/pio_ws2812.dir/C_/msys64/home/ebadger/pico-sdk/src/common/pico_time/time.c.obj
                0x10000824                timer_pool_entry_comparator
 .text.ph_add_child_node
                0x100008a0       0xa4 CMakeFiles/pio_ws2812.dir/C_/msys64/home/ebadger/pico-sdk/src/common/pico_time/time.c.obj
 .text.ph_merge_nodes
                0x10000944       0x3e CMakeFiles/pio_ws2812.dir/C_/msys64/home/ebadger/pico-sdk/src/common/pico_time/time.c.obj
 *fill*         0x10000982        0x2 
 .text.add_alarm_under_lock
                0x10000984      0x174 CMakeFiles/pio_ws2812.dir/C_/msys64/home/ebadger/pico-sdk/src/common/pico_time/time.c.obj
 .text.alarm_pool_alarm_callback
                0x10000af8      0x328 CMakeFiles/pio_ws2812.dir/C_/msys64/home/ebadger/pico-sdk/src/common/pico_time/time.c.obj
 .text.alarm_pool_init_default
                0x10000e20       0x38 CMakeFiles/pio_ws2812.dir/C_/msys64/home/ebadger/pico-sdk/src/common/pico_time/time.c.obj
                0x10000e20                alarm_pool_init_default
 .text.alarm_pool_get_default
                0x10000e58       0x2c CMakeFiles/pio_ws2812.dir/C_/msys64/home/ebadger/pico-sdk/src/common/pico_time/time.c.obj
                0x10000e58                alarm_pool_get_default
 .text.alarm_pool_add_alarm_at
                0x10000e84      0x170 CMakeFiles/pio_ws2812.dir/C_/msys64/home/ebadger/pico-sdk/src/common/pico_time/time.c.obj
                0x10000e84                alarm_pool_add_alarm_at
 .text.sleep_until
                0x10000ff4       0xfc CMakeFiles/pio_ws2812.dir/C_/msys64/home/ebadger/pico-sdk/src/common/pico_time/time.c.obj
                0x10000ff4                sleep_until
 .text.sleep_us
                0x100010f0       0x58 CMakeFiles/pio_ws2812.dir/C_/msys64/home/ebadger/pico-sdk/src/common/pico_time/time.c.obj
                0x100010f0                sleep_us
 .text.sleep_ms
                0x10001148       0x14 CMakeFiles/pio_ws2812.dir/C_/msys64/home/ebadger/pico-sdk/src/common/pico_time/time.c.obj
                0x10001148                sleep_ms
 .text.hardware_alarm_irq_handler
                0x1000115c       0x8c CMakeFiles/pio_ws2812.dir/C_/msys64/home/ebadger/pico-sdk/src/rp2_common/hardware_timer/timer.c.obj
 .text.hardware_alarm_claim
                0x100011e8       0x18 CMakeFiles/pio_ws2812.dir/C_/msys64/home/ebadger/pico-sdk/src/rp2_common/hardware_timer/timer.c.obj
                0x100011e8                hardware_alarm_claim
 .text.time_us_64
                0x10001200       0x18 CMakeFiles/pio_ws2812.dir/C_/msys64/home/ebadger/pico-sdk/src/rp2_common/hardware_timer/timer.c.obj
                0x10001200                time_us_64
 .text.busy_wait_until
                0x10001218       0x28 CMakeFiles/pio_ws2812.dir/C_/msys64/home/ebadger/pico-sdk/src/rp2_common/hardware_timer/timer.c.obj
                0x10001218                busy_wait_until
 .text.hardware_alarm_set_callback
                0x10001240       0x90 CMakeFiles/pio_ws2812.dir/C_/msys64/home/ebadger/pico-sdk/src/rp2_common/hardware_timer/timer.c.obj
                0x10001240                hardware_alarm_set_callback
 .text.hardware_alarm_set_target
                0x100012d0       0xe8 CMakeFiles/pio_ws2812.dir/C_/msys64/home/ebadger/pico-sdk/src/rp2_common/hardware_timer/timer.c.obj
                0x100012d0                hardware_alarm_set_target
 .text.hardware_alarm_cancel
                0x100013b8       0x40 CMakeFiles/pio_ws2812.dir/C_/msys64/home/ebadger/pico-sdk/src/rp2_common/hardware_timer/timer.c.obj
                0x100013b8                hardware_alarm_cancel
 .text.lock_init
                0x100013f8       0x10 CMakeFiles/pio_ws2812.dir/C_/msys64/home/ebadger/pico-sdk/src/common/pico_sync/lock_core.c.obj
                0x100013f8                lock_init
 .text.mutex_init
                0x10001408       0x1a CMakeFiles/pio_ws2812.dir/C_/msys64/home/ebadger/pico-sdk/src/common/pico_sync/mutex.c.obj
                0x10001408                mutex_init
 .text.recursive_mutex_init
                0x10001422       0x1e CMakeFiles/pio_ws2812.dir/C_/msys64/home/ebadger/pico-sdk/src/common/pico_sync/mutex.c.obj
                0x10001422                recursive_mutex_init
 .text.ph_add_child_node
                0x10001440       0xa4 CMakeFiles/pio_ws2812.dir/C_/msys64/home/ebadger/pico-sdk/src/common/pico_util/pheap.c.obj
 .text.ph_merge_nodes
                0x100014e4       0x3e CMakeFiles/pio_ws2812.dir/C_/msys64/home/ebadger/pico-sdk/src/common/pico_util/pheap.c.obj
 *fill*         0x10001522        0x2 
 .text.ph_clear
                0x10001524       0x70 CMakeFiles/pio_ws2812.dir/C_/msys64/home/ebadger/pico-sdk/src/common/pico_util/pheap.c.obj
                0x10001524                ph_clear
 .text.ph_post_alloc_init
                0x10001594        0xe CMakeFiles/pio_ws2812.dir/C_/msys64/home/ebadger/pico-sdk/src/common/pico_util/pheap.c.obj
                0x10001594                ph_post_alloc_init
 *fill*         0x100015a2        0x2 
 .text.ph_merge_two_pass
                0x100015a4       0xa8 CMakeFiles/pio_ws2812.dir/C_/msys64/home/ebadger/pico-sdk/src/common/pico_util/pheap.c.obj
                0x100015a4                ph_merge_two_pass
 .text.ph_remove_any_head
                0x1000164c      0x108 CMakeFiles/pio_ws2812.dir/C_/msys64/home/ebadger/pico-sdk/src/common/pico_util/pheap.c.obj
 .text.ph_remove_head
                0x10001754       0x14 CMakeFiles/pio_ws2812.dir/C_/msys64/home/ebadger/pico-sdk/src/common/pico_util/pheap.c.obj
                0x10001754                ph_remove_head
 .text.ph_remove_and_free_node
                0x10001768       0xf8 CMakeFiles/pio_ws2812.dir/C_/msys64/home/ebadger/pico-sdk/src/common/pico_util/pheap.c.obj
                0x10001768                ph_remove_and_free_node
 .text._exit    0x10001860        0x4 CMakeFiles/pio_ws2812.dir/C_/msys64/home/ebadger/pico-sdk/src/rp2_common/pico_runtime/runtime.c.obj
                0x10001860                _exit
 .text.exit     0x10001864        0x6 CMakeFiles/pio_ws2812.dir/C_/msys64/home/ebadger/pico-sdk/src/rp2_common/pico_runtime/runtime.c.obj
                0x10001864                exit
 *fill*         0x1000186a        0x2 
 .text.__assert_func
                0x1000186c       0x3c CMakeFiles/pio_ws2812.dir/C_/msys64/home/ebadger/pico-sdk/src/rp2_common/pico_runtime/runtime.c.obj
                0x1000186c                __assert_func
 .text.runtime_init
                0x100018a8       0xf8 CMakeFiles/pio_ws2812.dir/C_/msys64/home/ebadger/pico-sdk/src/rp2_common/pico_runtime/runtime.c.obj
                0x100018a8                runtime_init
 .text.panic    0x100019a0       0x30 CMakeFiles/pio_ws2812.dir/C_/msys64/home/ebadger/pico-sdk/src/rp2_common/pico_runtime/runtime.c.obj
                0x100019a0                panic
 .text.clock_configure
                0x100019d0      0x104 CMakeFiles/pio_ws2812.dir/C_/msys64/home/ebadger/pico-sdk/src/rp2_common/hardware_clocks/clocks.c.obj
                0x100019d0                clock_configure
 .text.clocks_init
                0x10001ad4      0x100 CMakeFiles/pio_ws2812.dir/C_/msys64/home/ebadger/pico-sdk/src/rp2_common/hardware_clocks/clocks.c.obj
                0x10001ad4                clocks_init
 .text.clock_get_hz
                0x10001bd4        0xc CMakeFiles/pio_ws2812.dir/C_/msys64/home/ebadger/pico-sdk/src/rp2_common/hardware_clocks/clocks.c.obj
                0x10001bd4                clock_get_hz
 .text.set_raw_irq_handler_and_unlock
                0x10001be0       0x28 CMakeFiles/pio_ws2812.dir/C_/msys64/home/ebadger/pico-sdk/src/rp2_common/hardware_irq/irq.c.obj
 .text.make_branch
                0x10001c08       0x34 CMakeFiles/pio_ws2812.dir/C_/msys64/home/ebadger/pico-sdk/src/rp2_common/hardware_irq/irq.c.obj
 .text.insert_branch_and_link
                0x10001c3c       0x40 CMakeFiles/pio_ws2812.dir/C_/msys64/home/ebadger/pico-sdk/src/rp2_common/hardware_irq/irq.c.obj
 .text.irq_is_enabled
                0x10001c7c       0x18 CMakeFiles/pio_ws2812.dir/C_/msys64/home/ebadger/pico-sdk/src/rp2_common/hardware_irq/irq.c.obj
                0x10001c7c                irq_is_enabled
 .text.irq_set_mask_enabled
                0x10001c94       0x20 CMakeFiles/pio_ws2812.dir/C_/msys64/home/ebadger/pico-sdk/src/rp2_common/hardware_irq/irq.c.obj
                0x10001c94                irq_set_mask_enabled
 .text.irq_set_enabled
                0x10001cb4        0xe CMakeFiles/pio_ws2812.dir/C_/msys64/home/ebadger/pico-sdk/src/rp2_common/hardware_irq/irq.c.obj
                0x10001cb4                irq_set_enabled
 *fill*         0x10001cc2        0x2 
 .text.irq_get_vtable_handler
                0x10001cc4       0x10 CMakeFiles/pio_ws2812.dir/C_/msys64/home/ebadger/pico-sdk/src/rp2_common/hardware_irq/irq.c.obj
                0x10001cc4                irq_get_vtable_handler
 .text.irq_set_exclusive_handler
                0x10001cd4       0x54 CMakeFiles/pio_ws2812.dir/C_/msys64/home/ebadger/pico-sdk/src/rp2_common/hardware_irq/irq.c.obj
                0x10001cd4                irq_set_exclusive_handler
 .text.irq_remove_handler
                0x10001d28      0x1ac CMakeFiles/pio_ws2812.dir/C_/msys64/home/ebadger/pico-sdk/src/rp2_common/hardware_irq/irq.c.obj
                0x10001d28                irq_remove_handler
 .text.irq_add_tail_to_free_list
                0x10001ed4       0xf0 CMakeFiles/pio_ws2812.dir/C_/msys64/home/ebadger/pico-sdk/src/rp2_common/hardware_irq/irq.c.obj
                0x10001ed4                irq_add_tail_to_free_list
 .text.irq_init_priorities
                0x10001fc4       0x1c CMakeFiles/pio_ws2812.dir/C_/msys64/home/ebadger/pico-sdk/src/rp2_common/hardware_irq/irq.c.obj
                0x10001fc4                irq_init_priorities
 .text.pll_init
                0x10001fe0      0x118 CMakeFiles/pio_ws2812.dir/C_/msys64/home/ebadger/pico-sdk/src/rp2_common/hardware_pll/pll.c.obj
                0x10001fe0                pll_init
 .text.watchdog_start_tick
                0x100020f8       0x10 CMakeFiles/pio_ws2812.dir/C_/msys64/home/ebadger/pico-sdk/src/rp2_common/hardware_watchdog/watchdog.c.obj
                0x100020f8                watchdog_start_tick
 .text.xosc_init
                0x10002108       0x28 CMakeFiles/pio_ws2812.dir/C_/msys64/home/ebadger/pico-sdk/src/rp2_common/hardware_xosc/xosc.c.obj
                0x10002108                xosc_init
 .text._out_null
                0x10002130        0x2 CMakeFiles/pio_ws2812.dir/C_/msys64/home/ebadger/pico-sdk/src/rp2_common/pico_printf/printf.c.obj
 .text._out_fct
                0x10002132        0xe CMakeFiles/pio_ws2812.dir/C_/msys64/home/ebadger/pico-sdk/src/rp2_common/pico_printf/printf.c.obj
 .text._atoi    0x10002140       0x24 CMakeFiles/pio_ws2812.dir/C_/msys64/home/ebadger/pico-sdk/src/rp2_common/pico_printf/printf.c.obj
 .text._out_rev
                0x10002164       0xae CMakeFiles/pio_ws2812.dir/C_/msys64/home/ebadger/pico-sdk/src/rp2_common/pico_printf/printf.c.obj
 .text._ntoa_format
                0x10002212      0x112 CMakeFiles/pio_ws2812.dir/C_/msys64/home/ebadger/pico-sdk/src/rp2_common/pico_printf/printf.c.obj
 .text._ntoa_long
                0x10002324       0xbc CMakeFiles/pio_ws2812.dir/C_/msys64/home/ebadger/pico-sdk/src/rp2_common/pico_printf/printf.c.obj
 .text._ntoa_long_long
                0x100023e0       0xe2 CMakeFiles/pio_ws2812.dir/C_/msys64/home/ebadger/pico-sdk/src/rp2_common/pico_printf/printf.c.obj
 *fill*         0x100024c2        0x2 
 .text._etoa    0x100024c4      0x414 CMakeFiles/pio_ws2812.dir/C_/msys64/home/ebadger/pico-sdk/src/rp2_common/pico_printf/printf.c.obj
 .text._ftoa    0x100028d8      0x354 CMakeFiles/pio_ws2812.dir/C_/msys64/home/ebadger/pico-sdk/src/rp2_common/pico_printf/printf.c.obj
 .text._vsnprintf
                0x10002c2c      0x624 CMakeFiles/pio_ws2812.dir/C_/msys64/home/ebadger/pico-sdk/src/rp2_common/pico_printf/printf.c.obj
 .text.vfctprintf
                0x10003250       0x20 CMakeFiles/pio_ws2812.dir/C_/msys64/home/ebadger/pico-sdk/src/rp2_common/pico_printf/printf.c.obj
                0x10003250                vfctprintf
 .text          0x10003270       0x10 CMakeFiles/pio_ws2812.dir/C_/msys64/home/ebadger/pico-sdk/src/rp2_common/pico_bit_ops/bit_ops_aeabi.S.obj
 .text.rom_func_lookup
                0x10003280       0x10 CMakeFiles/pio_ws2812.dir/C_/msys64/home/ebadger/pico-sdk/src/rp2_common/pico_bootrom/bootrom.c.obj
                0x10003280                rom_func_lookup
 .text.rom_data_lookup
                0x10003290       0x10 CMakeFiles/pio_ws2812.dir/C_/msys64/home/ebadger/pico-sdk/src/rp2_common/pico_bootrom/bootrom.c.obj
                0x10003290                rom_data_lookup
 .text.rom_funcs_lookup
                0x100032a0       0x36 CMakeFiles/pio_ws2812.dir/C_/msys64/home/ebadger/pico-sdk/src/rp2_common/pico_bootrom/bootrom.c.obj
                0x100032a0                rom_funcs_lookup
 *fill*         0x100032d6        0x2 
 .text.__wrap___aeabi_idiv
                0x100032d8       0x50 CMakeFiles/pio_ws2812.dir/C_/msys64/home/ebadger/pico-sdk/src/rp2_common/pico_divider/divider.S.obj
                0x100032d8                __wrap___aeabi_idivmod
                0x100032d8                divmod_s32s32
                0x100032d8                div_s32s32
                0x100032d8                __wrap___aeabi_idiv
                0x100032e0                divmod_s32s32_unsafe
                0x1000330c                divmod_s32s32_savestate
 .text.__wrap___aeabi_uidiv
                0x10003328       0x4c CMakeFiles/pio_ws2812.dir/C_/msys64/home/ebadger/pico-sdk/src/rp2_common/pico_divider/divider.S.obj
                0x10003328                __wrap___aeabi_uidiv
                0x10003328                __wrap___aeabi_uidivmod
                0x10003328                div_u32u32
                0x10003328                divmod_u32u32
                0x10003330                divmod_u32u32_unsafe
                0x10003358                divmod_u32u32_savestate
 .text.__wrap___aeabi_ldiv
                0x10003374      0x434 CMakeFiles/pio_ws2812.dir/C_/msys64/home/ebadger/pico-sdk/src/rp2_common/pico_divider/divider.S.obj
                0x10003374                div_s64s64
                0x10003374                divmod_s64s64
                0x10003374                __wrap___aeabi_ldivmod
                0x100033ac                divmod_u64u64
                0x100033ac                div_u64u64
                0x100033ac                __wrap___aeabi_uldivmod
                0x100033bc                divmod_u64u64_savestate
                0x100033e4                divmod_s64s64_unsafe
                0x1000346c                divmod_u64u64_unsafe
 .text.__wrap___aeabi_darithmetic
                0x100037a8       0x80 CMakeFiles/pio_ws2812.dir/C_/msys64/home/ebadger/pico-sdk/src/rp2_common/pico_double/double_aeabi.S.obj
                0x100037a8                __wrap___aeabi_drsub
                0x100037ae                __wrap___aeabi_dsub
                0x100037c0                __wrap___aeabi_dadd
                0x100037d2                __wrap___aeabi_ddiv
                0x1000380e                __wrap___aeabi_dmul
 .text.__wrap___aeabi_cdcmple
                0x10003828       0x6c CMakeFiles/pio_ws2812.dir/C_/msys64/home/ebadger/pico-sdk/src/rp2_common/pico_double/double_aeabi.S.obj
                0x10003828                __wrap___aeabi_cdrcmple
                0x10003838                __wrap___aeabi_cdcmpeq
                0x10003838                __wrap___aeabi_cdcmple
 .text.__wrap___aeabi_dcmplt
                0x10003894        0xc CMakeFiles/pio_ws2812.dir/C_/msys64/home/ebadger/pico-sdk/src/rp2_common/pico_double/double_aeabi.S.obj
                0x10003894                __wrap___aeabi_dcmplt
 .text.__wrap___aeabi_dcmple
                0x100038a0       0x10 CMakeFiles/pio_ws2812.dir/C_/msys64/home/ebadger/pico-sdk/src/rp2_common/pico_double/double_aeabi.S.obj
                0x100038a0                __wrap___aeabi_dcmple
 .text.__wrap___aeabi_dcmpge
                0x100038b0       0x10 CMakeFiles/pio_ws2812.dir/C_/msys64/home/ebadger/pico-sdk/src/rp2_common/pico_double/double_aeabi.S.obj
                0x100038b0                __wrap___aeabi_dcmpge
 .text.__wrap___aeabi_dcmpgt
                0x100038c0        0xa CMakeFiles/pio_ws2812.dir/C_/msys64/home/ebadger/pico-sdk/src/rp2_common/pico_double/double_aeabi.S.obj
                0x100038c0                __wrap___aeabi_dcmpgt
 .text.__wrap___aeabi_dcmpun
                0x100038ca       0x1c CMakeFiles/pio_ws2812.dir/C_/msys64/home/ebadger/pico-sdk/src/rp2_common/pico_double/double_aeabi.S.obj
                0x100038ca                __wrap___aeabi_dcmpun
 *fill*         0x100038e6        0x2 
 .text.__wrap___aeabi_i2d
                0x100038e8       0x38 CMakeFiles/pio_ws2812.dir/C_/msys64/home/ebadger/pico-sdk/src/rp2_common/pico_double/double_aeabi.S.obj
                0x100038e8                __wrap___aeabi_ui2d
                0x100038f0                __wrap___aeabi_i2d
 .text.__wrap___aeabi_d2iz
                0x10003920       0x48 CMakeFiles/pio_ws2812.dir/C_/msys64/home/ebadger/pico-sdk/src/rp2_common/pico_double/double_aeabi.S.obj
                0x10003920                double2int_z
                0x10003920                __wrap___aeabi_d2iz
 .text.__wrap___aeabi_d2uiz
                0x10003968       0x18 CMakeFiles/pio_ws2812.dir/C_/msys64/home/ebadger/pico-sdk/src/rp2_common/pico_double/double_aeabi.S.obj
                0x10003968                __wrap___aeabi_d2uiz
                0x10003968                double2uint
 .text.__aeabi_double_init
                0x10003980       0xc8 CMakeFiles/pio_ws2812.dir/C_/msys64/home/ebadger/pico-sdk/src/rp2_common/pico_double/double_init_rom.c.obj
                0x10003980                __aeabi_double_init
 .text.double_table_shim_on_use_helper
                0x10003a48       0x34 CMakeFiles/pio_ws2812.dir/C_/msys64/home/ebadger/pico-sdk/src/rp2_common/pico_double/double_v1_rom_shim.S.obj
                0x10003a48                double_table_shim_on_use_helper
 .text.__wrap___aeabi_dsub
                0x10003a7c       0x10 CMakeFiles/pio_ws2812.dir/C_/msys64/home/ebadger/pico-sdk/src/rp2_common/pico_double/double_v1_rom_shim.S.obj
                0x10003a7c                drsub_shim
                0x10003a82                dsub_shim
 .text.dadd_shim
                0x10003a8c      0x15c CMakeFiles/pio_ws2812.dir/C_/msys64/home/ebadger/pico-sdk/src/rp2_common/pico_double/double_v1_rom_shim.S.obj
                0x10003a8c                dadd_shim
 .text.dmul_shim
                0x10003be8      0x15c CMakeFiles/pio_ws2812.dir/C_/msys64/home/ebadger/pico-sdk/src/rp2_common/pico_double/double_v1_rom_shim.S.obj
                0x10003be8                dmul_shim
 .text.ddiv_shim
                0x10003d44      0x1b0 CMakeFiles/pio_ws2812.dir/C_/msys64/home/ebadger/pico-sdk/src/rp2_common/pico_double/double_v1_rom_shim.S.obj
                0x10003d44                ddiv_shim
 .text.double2uint_shim
                0x10003ef4        0xe CMakeFiles/pio_ws2812.dir/C_/msys64/home/ebadger/pico-sdk/src/rp2_common/pico_double/double_v1_rom_shim.S.obj
                0x10003ef4                double2uint_shim
                0x10003ef6                double2ufix_shim
 *fill*         0x10003f02        0x2 
 .text.double2uint64_shim
                0x10003f04       0x70 CMakeFiles/pio_ws2812.dir/C_/msys64/home/ebadger/pico-sdk/src/rp2_common/pico_double/double_v1_rom_shim.S.obj
                0x10003f04                double2uint64_shim
                0x10003f06                double2ufix64_shim
                0x10003f26                d2fix_a
 .text.dunpacks
                0x10003f74       0x3c CMakeFiles/pio_ws2812.dir/C_/msys64/home/ebadger/pico-sdk/src/rp2_common/pico_double/double_v1_rom_shim.S.obj
                0x10003f74                dunpacks
 .text.__aeabi_lmul
                0x10003fb0       0x32 CMakeFiles/pio_ws2812.dir/C_/msys64/home/ebadger/pico-sdk/src/rp2_common/pico_int64_ops/pico_int64_ops_aeabi.S.obj
                0x10003fb0                __wrap___aeabi_lmul
 *fill*         0x10003fe2        0x2 
 .text.__wrap___aeabi_farithmetic
                0x10003fe4       0x58 CMakeFiles/pio_ws2812.dir/C_/msys64/home/ebadger/pico-sdk/src/rp2_common/pico_float/float_aeabi.S.obj
                0x10003fe4                __wrap___aeabi_frsub
                0x10003fea                __wrap___aeabi_fsub
                0x10003ff4                __wrap___aeabi_fadd
                0x10003ffe                __wrap___aeabi_fdiv
                0x1000402a                __wrap___aeabi_fmul
 .text.__wrap___aeabi_ui2f
                0x1000403c        0xa CMakeFiles/pio_ws2812.dir/C_/msys64/home/ebadger/pico-sdk/src/rp2_common/pico_float/float_aeabi.S.obj
                0x1000403c                __wrap___aeabi_ui2f
 *fill*         0x10004046        0x2 
 .text.__wrap___aeabi_i2f
                0x10004048       0x44 CMakeFiles/pio_ws2812.dir/C_/msys64/home/ebadger/pico-sdk/src/rp2_common/pico_float/float_aeabi.S.obj
                0x10004048                __wrap___aeabi_i2f
 .text.__wrap___aeabi_f2uiz
                0x1000408c       0x10 CMakeFiles/pio_ws2812.dir/C_/msys64/home/ebadger/pico-sdk/src/rp2_common/pico_float/float_aeabi.S.obj
                0x1000408c                __wrap___aeabi_f2uiz
 .text.__aeabi_float_init
                0x1000409c       0xfc CMakeFiles/pio_ws2812.dir/C_/msys64/home/ebadger/pico-sdk/src/rp2_common/pico_float/float_init_rom.c.obj
                0x1000409c                __aeabi_float_init
 .text.float_table_shim_on_use_helper
                0x10004198       0x34 CMakeFiles/pio_ws2812.dir/C_/msys64/home/ebadger/pico-sdk/src/rp2_common/pico_float/float_v1_rom_shim.S.obj
                0x10004198                float_table_shim_on_use_helper
 .text          0x100041cc       0x10 CMakeFiles/pio_ws2812.dir/C_/msys64/home/ebadger/pico-sdk/src/rp2_common/pico_mem_ops/mem_ops_aeabi.S.obj
                0x100041cc                __aeabi_mem_init
 .text.memset   0x100041dc        0xc CMakeFiles/pio_ws2812.dir/C_/msys64/home/ebadger/pico-sdk/src/rp2_common/pico_mem_ops/mem_ops_aeabi.S.obj
                0x100041dc                __wrap_memset
 .text.memcpy   0x100041e8        0xc CMakeFiles/pio_ws2812.dir/C_/msys64/home/ebadger/pico-sdk/src/rp2_common/pico_mem_ops/mem_ops_aeabi.S.obj
                0x100041e8                __wrap_memcpy
                0x100041e8                __wrap___aeabi_memcpy
 .text.stdio_out_chars_no_crlf
                0x100041f4        0xe CMakeFiles/pio_ws2812.dir/C_/msys64/home/ebadger/pico-sdk/src/rp2_common/pico_stdio/stdio.c.obj
 *fill*         0x10004202        0x2 
 .text.stdio_out_chars_crlf
                0x10004204       0x80 CMakeFiles/pio_ws2812.dir/C_/msys64/home/ebadger/pico-sdk/src/rp2_common/pico_stdio/stdio.c.obj
 .text.stdio_stack_buffer_flush
                0x10004284       0x44 CMakeFiles/pio_ws2812.dir/C_/msys64/home/ebadger/pico-sdk/src/rp2_common/pico_stdio/stdio.c.obj
 .text.stdio_buffered_printer
                0x100042c8       0x20 CMakeFiles/pio_ws2812.dir/C_/msys64/home/ebadger/pico-sdk/src/rp2_common/pico_stdio/stdio.c.obj
 .text.stdout_serialize_begin
                0x100042e8       0x30 CMakeFiles/pio_ws2812.dir/C_/msys64/home/ebadger/pico-sdk/src/rp2_common/pico_stdio/stdio.c.obj
                0x100042e8                stdout_serialize_begin
 .text.stdout_serialize_end
                0x10004318       0x10 CMakeFiles/pio_ws2812.dir/C_/msys64/home/ebadger/pico-sdk/src/rp2_common/pico_stdio/stdio.c.obj
                0x10004318                stdout_serialize_end
 .text.stdio_put_string
                0x10004328       0x98 CMakeFiles/pio_ws2812.dir/C_/msys64/home/ebadger/pico-sdk/src/rp2_common/pico_stdio/stdio.c.obj
 .text.stdio_set_driver_enabled
                0x100043c0       0x38 CMakeFiles/pio_ws2812.dir/C_/msys64/home/ebadger/pico-sdk/src/rp2_common/pico_stdio/stdio.c.obj
                0x100043c0                stdio_set_driver_enabled
 .text.stdio_flush
                0x100043f8       0x20 CMakeFiles/pio_ws2812.dir/C_/msys64/home/ebadger/pico-sdk/src/rp2_common/pico_stdio/stdio.c.obj
                0x100043f8                stdio_flush
 .text.__wrap_puts
                0x10004418       0x1e CMakeFiles/pio_ws2812.dir/C_/msys64/home/ebadger/pico-sdk/src/rp2_common/pico_stdio/stdio.c.obj
                0x10004418                __wrap_puts
 *fill*         0x10004436        0x2 
 .text.__wrap_vprintf
                0x10004438       0x44 CMakeFiles/pio_ws2812.dir/C_/msys64/home/ebadger/pico-sdk/src/rp2_common/pico_stdio/stdio.c.obj
                0x10004438                __wrap_vprintf
 .text.__wrap_printf
                0x1000447c       0x18 CMakeFiles/pio_ws2812.dir/C_/msys64/home/ebadger/pico-sdk/src/rp2_common/pico_stdio/stdio.c.obj
                0x1000447c                __wrap_printf
 .text.stdio_init_all
                0x10004494        0x8 CMakeFiles/pio_ws2812.dir/C_/msys64/home/ebadger/pico-sdk/src/rp2_common/pico_stdio/stdio.c.obj
                0x10004494                stdio_init_all
 .text.stdio_uart_out_chars
                0x1000449c       0x74 CMakeFiles/pio_ws2812.dir/C_/msys64/home/ebadger/pico-sdk/src/rp2_common/pico_stdio_uart/stdio_uart.c.obj
 .text.stdio_uart_in_chars
                0x10004510       0x58 CMakeFiles/pio_ws2812.dir/C_/msys64/home/ebadger/pico-sdk/src/rp2_common/pico_stdio_uart/stdio_uart.c.obj
                0x10004510                stdio_uart_in_chars
 .text.stdio_uart_init_full
                0x10004568       0x3c CMakeFiles/pio_ws2812.dir/C_/msys64/home/ebadger/pico-sdk/src/rp2_common/pico_stdio_uart/stdio_uart.c.obj
                0x10004568                stdio_uart_init_full
 .text.stdio_uart_init
                0x100045a4       0x28 CMakeFiles/pio_ws2812.dir/C_/msys64/home/ebadger/pico-sdk/src/rp2_common/pico_stdio_uart/stdio_uart.c.obj
                0x100045a4                stdio_uart_init
 .text._pio_can_add_program_at_offset
                0x100045cc       0x3c CMakeFiles/pio_ws2812.dir/C_/msys64/home/ebadger/pico-sdk/src/rp2_common/hardware_pio/pio.c.obj
 .text._pio_find_offset_for_program
                0x10004608       0x7c CMakeFiles/pio_ws2812.dir/C_/msys64/home/ebadger/pico-sdk/src/rp2_common/hardware_pio/pio.c.obj
 .text._pio_add_program_at_offset
                0x10004684       0x78 CMakeFiles/pio_ws2812.dir/C_/msys64/home/ebadger/pico-sdk/src/rp2_common/hardware_pio/pio.c.obj
 .text.pio_add_program
                0x100046fc       0x38 CMakeFiles/pio_ws2812.dir/C_/msys64/home/ebadger/pico-sdk/src/rp2_common/hardware_pio/pio.c.obj
                0x100046fc                pio_add_program
 .text.pio_sm_set_consecutive_pindirs
                0x10004734       0x70 CMakeFiles/pio_ws2812.dir/C_/msys64/home/ebadger/pico-sdk/src/rp2_common/hardware_pio/pio.c.obj
                0x10004734                pio_sm_set_consecutive_pindirs
 .text.pio_sm_init
                0x100047a4       0xe4 CMakeFiles/pio_ws2812.dir/C_/msys64/home/ebadger/pico-sdk/src/rp2_common/hardware_pio/pio.c.obj
                0x100047a4                pio_sm_init
 .text.rand     0x10004888       0x34 c:/vsarm/armcc/bin/../lib/gcc/arm-none-eabi/10.3.1/../../../../arm-none-eabi/lib/thumb/v6-m/nofp\libg.a(lib_a-rand.o)
                0x10004888                rand
 .text.strlen   0x100048bc       0x5c c:/vsarm/armcc/bin/../lib/gcc/arm-none-eabi/10.3.1/../../../../arm-none-eabi/lib/thumb/v6-m/nofp\libg.a(lib_a-strlen-stub.o)
                0x100048bc                strlen
 *(.fini)
 .fini          0x10004918        0x4 c:/vsarm/armcc/bin/../lib/gcc/arm-none-eabi/10.3.1/thumb/v6-m/nofp/crti.o
                0x10004918                _fini
 *fill*         0x1000491c        0x4 
 .fini.__stub   0x10004920       0x50 linker stubs
 *crtbegin.o(.ctors)
 *crtbegin?.o(.ctors)
 *(EXCLUDE_FILE(*crtend.o *crtend?.o) .ctors)
 *(SORT_BY_NAME(.ctors.*))
 *(.ctors)
 *crtbegin.o(.dtors)
 *crtbegin?.o(.dtors)
 *(EXCLUDE_FILE(*crtend.o *crtend?.o) .dtors)
 *(SORT_BY_NAME(.dtors.*))
 *(.dtors)
 *(.eh_frame*)
 .eh_frame      0x10004970        0x0 c:/vsarm/armcc/bin/../lib/gcc/arm-none-eabi/10.3.1/thumb/v6-m/nofp/crtbegin.o
                0x10004970                . = ALIGN (0x4)

.glue_7         0x10004970        0x0
 .glue_7        0x10004970        0x0 linker stubs

.glue_7t        0x10004970        0x0
 .glue_7t       0x10004970        0x0 linker stubs

.vfp11_veneer   0x10004970        0x0
 .vfp11_veneer  0x10004970        0x0 linker stubs

.v4_bx          0x10004970        0x0
 .v4_bx         0x10004970        0x0 linker stubs

.iplt           0x10004970        0x0
 .iplt          0x10004970        0x0 c:/vsarm/armcc/bin/../lib/gcc/arm-none-eabi/10.3.1/thumb/v6-m/nofp/crtbegin.o

.rodata         0x10004970      0xfac
 *(EXCLUDE_FILE(*libm.a: *libc.a:*lib_a-mem*.o *libgcc.a:) .rodata*)
 .rodata.main.str1.4
                0x10004970       0x38 CMakeFiles/pio_ws2812.dir/ws2812.c.obj
 .rodata.str1.4
                0x100049a8       0x26 CMakeFiles/pio_ws2812.dir/ws2812.c.obj
 *fill*         0x100049ce        0x2 
 .rodata.pattern_table
                0x100049d0       0x20 CMakeFiles/pio_ws2812.dir/ws2812.c.obj
                0x100049d0                pattern_table
 .rodata.ws2812_program
                0x100049f0        0x6 CMakeFiles/pio_ws2812.dir/ws2812.c.obj
 *fill*         0x100049f6        0x2 
 .rodata.ws2812_program_instructions
                0x100049f8        0x8 CMakeFiles/pio_ws2812.dir/ws2812.c.obj
 .rodata.repeating_timer_callback.str1.4
                0x10004a00       0x50 CMakeFiles/pio_ws2812.dir/C_/msys64/home/ebadger/pico-sdk/src/common/pico_time/time.c.obj
 .rodata.alarm_pool_dump_key.str1.4
                0x10004a50       0x33 CMakeFiles/pio_ws2812.dir/C_/msys64/home/ebadger/pico-sdk/src/common/pico_time/time.c.obj
 *fill*         0x10004a83        0x1 
 .rodata.ph_add_child_node.str1.4
                0x10004a84       0x9a CMakeFiles/pio_ws2812.dir/C_/msys64/home/ebadger/pico-sdk/src/common/pico_time/time.c.obj
 *fill*         0x10004b1e        0x2 
 .rodata.add_alarm_under_lock.str1.4
                0x10004b20       0x28 CMakeFiles/pio_ws2812.dir/C_/msys64/home/ebadger/pico-sdk/src/common/pico_time/time.c.obj
                                 0x2b (size before relaxing)
 .rodata.alarm_pool_alarm_callback.str1.4
                0x10004b48       0xea CMakeFiles/pio_ws2812.dir/C_/msys64/home/ebadger/pico-sdk/src/common/pico_time/time.c.obj
 *fill*         0x10004c32        0x2 
 .rodata.alarm_pool_get_default.str1.4
                0x10004c34       0x21 CMakeFiles/pio_ws2812.dir/C_/msys64/home/ebadger/pico-sdk/src/common/pico_time/time.c.obj
 *fill*         0x10004c55        0x3 
 .rodata.sleep_until.str1.4
                0x10004c58       0x4d CMakeFiles/pio_ws2812.dir/C_/msys64/home/ebadger/pico-sdk/src/common/pico_time/time.c.obj
 *fill*         0x10004ca5        0x3 
 .rodata.__func__.10
                0x10004ca8       0x15 CMakeFiles/pio_ws2812.dir/C_/msys64/home/ebadger/pico-sdk/src/common/pico_time/time.c.obj
 *fill*         0x10004cbd        0x3 
 .rodata.__func__.11
                0x10004cc0       0x1a CMakeFiles/pio_ws2812.dir/C_/msys64/home/ebadger/pico-sdk/src/common/pico_time/time.c.obj
 *fill*         0x10004cda        0x2 
 .rodata.__func__.12
                0x10004cdc        0xa CMakeFiles/pio_ws2812.dir/C_/msys64/home/ebadger/pico-sdk/src/common/pico_time/time.c.obj
 *fill*         0x10004ce6        0x2 
 .rodata.__func__.3
                0x10004ce8       0x17 CMakeFiles/pio_ws2812.dir/C_/msys64/home/ebadger/pico-sdk/src/common/pico_time/time.c.obj
 *fill*         0x10004cff        0x1 
 .rodata.__func__.4
                0x10004d00       0x12 CMakeFiles/pio_ws2812.dir/C_/msys64/home/ebadger/pico-sdk/src/common/pico_time/time.c.obj
 *fill*         0x10004d12        0x2 
 .rodata.__func__.5
                0x10004d14        0xd CMakeFiles/pio_ws2812.dir/C_/msys64/home/ebadger/pico-sdk/src/common/pico_time/time.c.obj
 *fill*         0x10004d21        0x3 
 .rodata.__func__.6
                0x10004d24       0x12 CMakeFiles/pio_ws2812.dir/C_/msys64/home/ebadger/pico-sdk/src/common/pico_time/time.c.obj
 *fill*         0x10004d36        0x2 
 .rodata.__func__.7
                0x10004d38        0xf CMakeFiles/pio_ws2812.dir/C_/msys64/home/ebadger/pico-sdk/src/common/pico_time/time.c.obj
 *fill*         0x10004d47        0x1 
 .rodata.__func__.8
                0x10004d48        0xc CMakeFiles/pio_ws2812.dir/C_/msys64/home/ebadger/pico-sdk/src/common/pico_time/time.c.obj
 .rodata.__func__.9
                0x10004d54       0x15 CMakeFiles/pio_ws2812.dir/C_/msys64/home/ebadger/pico-sdk/src/common/pico_time/time.c.obj
 *fill*         0x10004d69        0x3 
 .rodata.hardware_alarm_claim.str1.4
                0x10004d6c       0x22 CMakeFiles/pio_ws2812.dir/C_/msys64/home/ebadger/pico-sdk/src/rp2_common/hardware_timer/timer.c.obj
 *fill*         0x10004d8e        0x2 
 .rodata.hardware_alarm_set_target.str1.4
                0x10004d90       0x6a CMakeFiles/pio_ws2812.dir/C_/msys64/home/ebadger/pico-sdk/src/rp2_common/hardware_timer/timer.c.obj
 *fill*         0x10004dfa        0x2 
 .rodata.__func__.0
                0x10004dfc       0x1a CMakeFiles/pio_ws2812.dir/C_/msys64/home/ebadger/pico-sdk/src/rp2_common/hardware_timer/timer.c.obj
 *fill*         0x10004e16        0x2 
 .rodata.str1.4
                0x10004e18       0x91 CMakeFiles/pio_ws2812.dir/C_/msys64/home/ebadger/pico-sdk/src/common/pico_sync/mutex.c.obj
                                 0xf9 (size before relaxing)
 *fill*         0x10004ea9        0x3 
 .rodata.__func__.1
                0x10004eac        0xb CMakeFiles/pio_ws2812.dir/C_/msys64/home/ebadger/pico-sdk/src/common/pico_sync/mutex.c.obj
 .rodata.ph_add_child_node.str1.4
                0x10004eb7       0x9a CMakeFiles/pio_ws2812.dir/C_/msys64/home/ebadger/pico-sdk/src/common/pico_util/pheap.c.obj
 *fill*         0x10004eb7        0x1 
 .rodata.ph_remove_any_head.str1.4
                0x10004eb8       0x94 CMakeFiles/pio_ws2812.dir/C_/msys64/home/ebadger/pico-sdk/src/common/pico_util/pheap.c.obj
 .rodata.ph_remove_and_free_node.str1.4
                0x10004f4c       0x26 CMakeFiles/pio_ws2812.dir/C_/msys64/home/ebadger/pico-sdk/src/common/pico_util/pheap.c.obj
 *fill*         0x10004f72        0x2 
 .rodata.__func__.0
                0x10004f74       0x18 CMakeFiles/pio_ws2812.dir/C_/msys64/home/ebadger/pico-sdk/src/common/pico_util/pheap.c.obj
 .rodata.__func__.1
                0x10004f8c       0x13 CMakeFiles/pio_ws2812.dir/C_/msys64/home/ebadger/pico-sdk/src/common/pico_util/pheap.c.obj
 *fill*         0x10004f9f        0x1 
 .rodata.__func__.2
                0x10004fa0       0x12 CMakeFiles/pio_ws2812.dir/C_/msys64/home/ebadger/pico-sdk/src/common/pico_util/pheap.c.obj
 *fill*         0x10004fb2        0x2 
 .rodata.__func__.3
                0x10004fb4        0xc CMakeFiles/pio_ws2812.dir/C_/msys64/home/ebadger/pico-sdk/src/common/pico_util/pheap.c.obj
 .rodata.__assert_func.str1.4
                0x10004fc0       0x3f CMakeFiles/pio_ws2812.dir/C_/msys64/home/ebadger/pico-sdk/src/rp2_common/pico_runtime/runtime.c.obj
                                 0x43 (size before relaxing)
 *fill*         0x10004fff        0x1 
 .rodata.runtime_init.str1.4
                0x10005000       0x66 CMakeFiles/pio_ws2812.dir/C_/msys64/home/ebadger/pico-sdk/src/rp2_common/pico_runtime/runtime.c.obj
 *fill*         0x10005066        0x2 
 .rodata.panic.str1.4
                0x10005068       0x12 CMakeFiles/pio_ws2812.dir/C_/msys64/home/ebadger/pico-sdk/src/rp2_common/pico_runtime/runtime.c.obj
 *fill*         0x1000507a        0x2 
 .rodata.__func__.1
                0x1000507c        0xd CMakeFiles/pio_ws2812.dir/C_/msys64/home/ebadger/pico-sdk/src/rp2_common/pico_runtime/runtime.c.obj
 *fill*         0x10005089        0x3 
 .rodata.clock_configure.str1.4
                0x1000508c       0x5c CMakeFiles/pio_ws2812.dir/C_/msys64/home/ebadger/pico-sdk/src/rp2_common/hardware_clocks/clocks.c.obj
 .rodata.__func__.1
                0x100050e8       0x10 CMakeFiles/pio_ws2812.dir/C_/msys64/home/ebadger/pico-sdk/src/rp2_common/hardware_clocks/clocks.c.obj
 .rodata.make_branch.str1.4
                0x100050f8       0x52 CMakeFiles/pio_ws2812.dir/C_/msys64/home/ebadger/pico-sdk/src/rp2_common/hardware_irq/irq.c.obj
 *fill*         0x1000514a        0x2 
 .rodata.irq_set_exclusive_handler.str1.4
                0x1000514c       0x36 CMakeFiles/pio_ws2812.dir/C_/msys64/home/ebadger/pico-sdk/src/rp2_common/hardware_irq/irq.c.obj
 *fill*         0x10005182        0x2 
 .rodata.irq_add_shared_handler.str1.4
                0x10005184       0xd9 CMakeFiles/pio_ws2812.dir/C_/msys64/home/ebadger/pico-sdk/src/rp2_common/hardware_irq/irq.c.obj
 *fill*         0x1000525d        0x3 
 .rodata.irq_remove_handler.str1.4
                0x10005260       0x2a CMakeFiles/pio_ws2812.dir/C_/msys64/home/ebadger/pico-sdk/src/rp2_common/hardware_irq/irq.c.obj
 *fill*         0x1000528a        0x2 
 .rodata.irq_add_tail_to_free_list.str1.4
                0x1000528c       0x32 CMakeFiles/pio_ws2812.dir/C_/msys64/home/ebadger/pico-sdk/src/rp2_common/hardware_irq/irq.c.obj
                                 0x3a (size before relaxing)
 *fill*         0x100052be        0x2 
 .rodata.__func__.0
                0x100052c0       0x1a CMakeFiles/pio_ws2812.dir/C_/msys64/home/ebadger/pico-sdk/src/rp2_common/hardware_irq/irq.c.obj
 *fill*         0x100052da        0x2 
 .rodata.__func__.1
                0x100052dc       0x17 CMakeFiles/pio_ws2812.dir/C_/msys64/home/ebadger/pico-sdk/src/rp2_common/hardware_irq/irq.c.obj
 *fill*         0x100052f3        0x1 
 .rodata.__func__.2
                0x100052f4       0x13 CMakeFiles/pio_ws2812.dir/C_/msys64/home/ebadger/pico-sdk/src/rp2_common/hardware_irq/irq.c.obj
 *fill*         0x10005307        0x1 
 .rodata.__func__.3
                0x10005308        0xc CMakeFiles/pio_ws2812.dir/C_/msys64/home/ebadger/pico-sdk/src/rp2_common/hardware_irq/irq.c.obj
 .rodata.__func__.4
                0x10005314        0xf CMakeFiles/pio_ws2812.dir/C_/msys64/home/ebadger/pico-sdk/src/rp2_common/hardware_irq/irq.c.obj
 *fill*         0x10005323        0x1 
 .rodata.__func__.6
                0x10005324       0x1a CMakeFiles/pio_ws2812.dir/C_/msys64/home/ebadger/pico-sdk/src/rp2_common/hardware_irq/irq.c.obj
 *fill*         0x1000533e        0x2 
 .rodata.pll_init.str1.4
                0x10005340       0xdf CMakeFiles/pio_ws2812.dir/C_/msys64/home/ebadger/pico-sdk/src/rp2_common/hardware_pll/pll.c.obj
 *fill*         0x1000541f        0x1 
 .rodata.__func__.0
                0x10005420        0x9 CMakeFiles/pio_ws2812.dir/C_/msys64/home/ebadger/pico-sdk/src/rp2_common/hardware_pll/pll.c.obj
 *fill*         0x10005429        0x3 
 .rodata._ftoa.str1.4
                0x1000542c       0x15 CMakeFiles/pio_ws2812.dir/C_/msys64/home/ebadger/pico-sdk/src/rp2_common/pico_printf/printf.c.obj
 *fill*         0x10005441        0x3 
 .rodata._vsnprintf
                0x10005444      0x1e0 CMakeFiles/pio_ws2812.dir/C_/msys64/home/ebadger/pico-sdk/src/rp2_common/pico_printf/printf.c.obj
 *fill*         0x10005624        0x4 
 .rodata.pow10.0
                0x10005628       0x50 CMakeFiles/pio_ws2812.dir/C_/msys64/home/ebadger/pico-sdk/src/rp2_common/pico_printf/printf.c.obj
 .rodata.__aeabi_double_init.str1.4
                0x10005678       0xad CMakeFiles/pio_ws2812.dir/C_/msys64/home/ebadger/pico-sdk/src/rp2_common/pico_double/double_init_rom.c.obj
 *fill*         0x10005725        0x3 
 .rodata.__func__.0
                0x10005728       0x14 CMakeFiles/pio_ws2812.dir/C_/msys64/home/ebadger/pico-sdk/src/rp2_common/pico_double/double_init_rom.c.obj
 .rodata.__aeabi_float_init.str1.4
                0x1000573c       0x7f CMakeFiles/pio_ws2812.dir/C_/msys64/home/ebadger/pico-sdk/src/rp2_common/pico_float/float_init_rom.c.obj
                                 0x83 (size before relaxing)
 *fill*         0x100057bb        0x1 
 .rodata.__func__.0
                0x100057bc       0x13 CMakeFiles/pio_ws2812.dir/C_/msys64/home/ebadger/pico-sdk/src/rp2_common/pico_float/float_init_rom.c.obj
 *fill*         0x100057cf        0x1 
 .rodata.str1.4
                0x100057d0       0x40 CMakeFiles/pio_ws2812.dir/C_/msys64/home/ebadger/pico-sdk/src/rp2_common/pico_standard_link/binary_info.c.obj
 .rodata.__bi_44
                0x10005810        0xc CMakeFiles/pio_ws2812.dir/C_/msys64/home/ebadger/pico-sdk/src/rp2_common/pico_standard_link/binary_info.c.obj
 .rodata.__bi_75
                0x1000581c        0xc CMakeFiles/pio_ws2812.dir/C_/msys64/home/ebadger/pico-sdk/src/rp2_common/pico_standard_link/binary_info.c.obj
 .rodata.__bi_81
                0x10005828        0xc CMakeFiles/pio_ws2812.dir/C_/msys64/home/ebadger/pico-sdk/src/rp2_common/pico_standard_link/binary_info.c.obj
 .rodata.crlf_str.3
                0x10005834        0x2 CMakeFiles/pio_ws2812.dir/C_/msys64/home/ebadger/pico-sdk/src/rp2_common/pico_stdio/stdio.c.obj
 *fill*         0x10005836        0x2 
 .rodata.str1.4
                0x10005838       0x2c CMakeFiles/pio_ws2812.dir/C_/msys64/home/ebadger/pico-sdk/src/rp2_common/pico_stdio_uart/stdio_uart.c.obj
 .rodata.__bi_28.4
                0x10005864        0xc CMakeFiles/pio_ws2812.dir/C_/msys64/home/ebadger/pico-sdk/src/rp2_common/pico_stdio_uart/stdio_uart.c.obj
 .rodata.__bi_29.5
                0x10005870        0x8 CMakeFiles/pio_ws2812.dir/C_/msys64/home/ebadger/pico-sdk/src/rp2_common/pico_stdio_uart/stdio_uart.c.obj
 .rodata._pio_find_offset_for_program.str1.4
                0x10005878       0x6e CMakeFiles/pio_ws2812.dir/C_/msys64/home/ebadger/pico-sdk/src/rp2_common/hardware_pio/pio.c.obj
 *fill*         0x100058e6        0x2 
 .rodata._pio_add_program_at_offset.str1.4
                0x100058e8       0x11 CMakeFiles/pio_ws2812.dir/C_/msys64/home/ebadger/pico-sdk/src/rp2_common/hardware_pio/pio.c.obj
 *fill*         0x100058f9        0x3 
 .rodata.__func__.1
                0x100058fc       0x1d CMakeFiles/pio_ws2812.dir/C_/msys64/home/ebadger/pico-sdk/src/rp2_common/hardware_pio/pio.c.obj
                0x1000591c                . = ALIGN (0x4)
 *fill*         0x10005919        0x3 
 *(SORT_BY_ALIGNMENT(SORT_BY_NAME(.flashdata*)))
                0x1000591c                . = ALIGN (0x4)

.rel.dyn        0x1000591c        0x0
 .rel.iplt      0x1000591c        0x0 c:/vsarm/armcc/bin/../lib/gcc/arm-none-eabi/10.3.1/thumb/v6-m/nofp/crtbegin.o

.ARM.extab
 *(.ARM.extab* .gnu.linkonce.armextab.*)
                0x1000591c                __exidx_start = .

.ARM.exidx
 *(.ARM.exidx* .gnu.linkonce.armexidx.*)
                0x1000591c                __exidx_end = .
                0x1000591c                . = ALIGN (0x4)
                0x1000591c                __binary_info_start = .

.binary_info    0x1000591c       0x24
 *(.binary_info.keep.*)
 .binary_info.keep.__bi_ptr22
                0x1000591c        0x4 CMakeFiles/pio_ws2812.dir/C_/msys64/home/ebadger/pico-sdk/src/rp2_common/pico_standard_link/binary_info.c.obj
 .binary_info.keep.__bi_ptr30
                0x10005920        0x4 CMakeFiles/pio_ws2812.dir/C_/msys64/home/ebadger/pico-sdk/src/rp2_common/pico_standard_link/binary_info.c.obj
 .binary_info.keep.__bi_ptr38
                0x10005924        0x4 CMakeFiles/pio_ws2812.dir/C_/msys64/home/ebadger/pico-sdk/src/rp2_common/pico_standard_link/binary_info.c.obj
 .binary_info.keep.__bi_ptr44
                0x10005928        0x4 CMakeFiles/pio_ws2812.dir/C_/msys64/home/ebadger/pico-sdk/src/rp2_common/pico_standard_link/binary_info.c.obj
 .binary_info.keep.__bi_ptr50
                0x1000592c        0x4 CMakeFiles/pio_ws2812.dir/C_/msys64/home/ebadger/pico-sdk/src/rp2_common/pico_standard_link/binary_info.c.obj
 .binary_info.keep.__bi_ptr75
                0x10005930        0x4 CMakeFiles/pio_ws2812.dir/C_/msys64/home/ebadger/pico-sdk/src/rp2_common/pico_standard_link/binary_info.c.obj
 .binary_info.keep.__bi_ptr81
                0x10005934        0x4 CMakeFiles/pio_ws2812.dir/C_/msys64/home/ebadger/pico-sdk/src/rp2_common/pico_standard_link/binary_info.c.obj
 *(.binary_info.*)
 .binary_info.__bi_ptr28
                0x10005938        0x4 CMakeFiles/pio_ws2812.dir/C_/msys64/home/ebadger/pico-sdk/src/rp2_common/pico_stdio_uart/stdio_uart.c.obj
 .binary_info.__bi_ptr29
                0x1000593c        0x4 CMakeFiles/pio_ws2812.dir/C_/msys64/home/ebadger/pico-sdk/src/rp2_common/pico_stdio_uart/stdio_uart.c.obj
                0x10005940                __binary_info_end = .
                0x10005940                . = ALIGN (0x4)
                0x10005940                __etext = .

.ram_vector_table
                0x20000000       0xc0
 *(.ram_vector_table)
 .ram_vector_table
                0x20000000       0xc0 CMakeFiles/pio_ws2812.dir/C_/msys64/home/ebadger/pico-sdk/src/rp2_common/pico_runtime/runtime.c.obj
                0x20000000                ram_vector_table

.data           0x200000c0      0x5ec load address 0x10005940
                0x200000c0                __data_start__ = .
 *(vtable)
 *(.time_critical*)
 .time_critical.mutex_enter_blocking
                0x200000c0       0x48 CMakeFiles/pio_ws2812.dir/C_/msys64/home/ebadger/pico-sdk/src/common/pico_sync/mutex.c.obj
                0x200000c0                mutex_enter_blocking
 .time_critical.mutex_try_enter
                0x20000108       0x46 CMakeFiles/pio_ws2812.dir/C_/msys64/home/ebadger/pico-sdk/src/common/pico_sync/mutex.c.obj
                0x20000108                mutex_try_enter
 *fill*         0x2000014e        0x2 
 .time_critical.mutex_exit
                0x20000150       0x4c CMakeFiles/pio_ws2812.dir/C_/msys64/home/ebadger/pico-sdk/src/common/pico_sync/mutex.c.obj
                0x20000150                mutex_exit
 *(.text*)
 .text          0x2000019c        0x4 c:/vsarm/armcc/bin/../lib/gcc/arm-none-eabi/10.3.1/thumb/v6-m/nofp\libgcc.a(_dvmd_tls.o)
                0x2000019c                __aeabi_idiv0
                0x2000019c                __aeabi_ldiv0
 .text.__stub   0x200001a0       0x10 linker stubs
                0x200001b0                . = ALIGN (0x4)
 *(.rodata*)
                0x200001b0                . = ALIGN (0x4)
 *(.data*)
 .data.striped_spin_lock_num
                0x200001b0        0x1 CMakeFiles/pio_ws2812.dir/C_/msys64/home/ebadger/pico-sdk/src/rp2_common/hardware_sync/sync.c.obj
 *fill*         0x200001b1        0x3 
 .data.default_alarm_pool
                0x200001b4       0x18 CMakeFiles/pio_ws2812.dir/C_/msys64/home/ebadger/pico-sdk/src/common/pico_time/time.c.obj
 .data.default_alarm_pool_heap
                0x200001cc       0x10 CMakeFiles/pio_ws2812.dir/C_/msys64/home/ebadger/pico-sdk/src/common/pico_time/time.c.obj
 .data          0x200001dc       0x48 CMakeFiles/pio_ws2812.dir/C_/msys64/home/ebadger/pico-sdk/src/rp2_common/hardware_irq/irq_handler_chain.S.obj
                0x200001dc                irq_handler_chain_slots
                0x2000020c                irq_handler_chain_first_slot
                0x20000216                irq_handler_chain_remove_tail
 *fill*         0x20000224        0xc 
 .data.aeabi_bits_funcs
                0x20000230       0x10 CMakeFiles/pio_ws2812.dir/C_/msys64/home/ebadger/pico-sdk/src/rp2_common/pico_bit_ops/bit_ops_aeabi.S.obj
                0x20000230                aeabi_bits_funcs
                0x20000240                aeabi_bits_funcs_end
 .data.aeabi_mem_funcs
                0x20000240       0x10 CMakeFiles/pio_ws2812.dir/C_/msys64/home/ebadger/pico-sdk/src/rp2_common/pico_mem_ops/mem_ops_aeabi.S.obj
                0x20000240                aeabi_mem_funcs
                0x20000250                aeabi_mem_funcs_end
 .data.stdio_uart
                0x20000250       0x14 CMakeFiles/pio_ws2812.dir/C_/msys64/home/ebadger/pico-sdk/src/rp2_common/pico_stdio_uart/stdio_uart.c.obj
                0x20000250                stdio_uart
 .data._impure_ptr
                0x20000264        0x4 c:/vsarm/armcc/bin/../lib/gcc/arm-none-eabi/10.3.1/../../../../arm-none-eabi/lib/thumb/v6-m/nofp\libg.a(lib_a-impure.o)
                0x20000264                _impure_ptr
 .data.impure_data
                0x20000268      0x428 c:/vsarm/armcc/bin/../lib/gcc/arm-none-eabi/10.3.1/../../../../arm-none-eabi/lib/thumb/v6-m/nofp\libg.a(lib_a-impure.o)
                0x20000690                . = ALIGN (0x4)
 *(.after_data.*)
                0x20000690                . = ALIGN (0x4)
                0x20000690                PROVIDE (__mutex_array_start = .)
 *(SORT_BY_NAME(.mutex_array.*))
 *(.mutex_array)
 .mutex_array   0x20000690        0x8 CMakeFiles/pio_ws2812.dir/C_/msys64/home/ebadger/pico-sdk/src/rp2_common/pico_stdio/stdio.c.obj
                0x20000698                PROVIDE (__mutex_array_end = .)
                0x20000698                . = ALIGN (0x4)
                0x20000698                PROVIDE (__preinit_array_start = .)
 *(SORT_BY_NAME(.preinit_array.*))
 .preinit_array.00001
                0x20000698        0x4 CMakeFiles/pio_ws2812.dir/C_/msys64/home/ebadger/pico-sdk/src/rp2_common/pico_mem_ops/mem_ops_aeabi.S.obj
 .preinit_array.00010
                0x2000069c        0x4 CMakeFiles/pio_ws2812.dir/C_/msys64/home/ebadger/pico-sdk/src/rp2_common/pico_bit_ops/bit_ops_aeabi.S.obj
 .preinit_array.00020
                0x200006a0        0x4 CMakeFiles/pio_ws2812.dir/C_/msys64/home/ebadger/pico-sdk/src/rp2_common/pico_double/double_aeabi.S.obj
 .preinit_array.00020
                0x200006a4        0x4 CMakeFiles/pio_ws2812.dir/C_/msys64/home/ebadger/pico-sdk/src/rp2_common/pico_float/float_aeabi.S.obj
 *(.preinit_array)
                0x200006a8                PROVIDE (__preinit_array_end = .)
                0x200006a8                . = ALIGN (0x4)
                0x200006a8                PROVIDE (__init_array_start = .)
 *(SORT_BY_NAME(.init_array.*))
 *(.init_array)
 .init_array    0x200006a8        0x4 c:/vsarm/armcc/bin/../lib/gcc/arm-none-eabi/10.3.1/thumb/v6-m/nofp/crtbegin.o
                0x200006ac                PROVIDE (__init_array_end = .)
                0x200006ac                . = ALIGN (0x4)
                [!provide]                PROVIDE (__fini_array_start = .)
 *(SORT_BY_NAME(.fini_array.*))
 *(.fini_array)
                [!provide]                PROVIDE (__fini_array_end = .)
 *(.jcr)
                0x200006ac                . = ALIGN (0x4)
                0x200006ac                __data_end__ = .

.igot.plt       0x200006ac        0x0 load address 0x10005f2c
 .igot.plt      0x200006ac        0x0 c:/vsarm/armcc/bin/../lib/gcc/arm-none-eabi/10.3.1/thumb/v6-m/nofp/crtbegin.o

.uninitialized_data
                0x200006ac        0x0 load address 0x10005f2c
                0x200006ac                . = ALIGN (0x4)
 *(.uninitialized_data*)

.scratch_x      0x20040000        0x0 load address 0x10005f2c
                0x20040000                __scratch_x_start__ = .
 *(.scratch_x.*)
                0x20040000                . = ALIGN (0x4)
                0x20040000                __scratch_x_end__ = .
                0x10005f2c                __scratch_x_source__ = LOADADDR (.scratch_x)

.scratch_y      0x20041000        0x0 load address 0x10005f2c
                0x20041000                __scratch_y_start__ = .
 *(.scratch_y.*)
                0x20041000                . = ALIGN (0x4)
                0x20041000                __scratch_y_end__ = .
                0x10005f2c                __scratch_y_source__ = LOADADDR (.scratch_y)

.bss            0x200006b0      0x3d8
                0x200006b0                . = ALIGN (0x4)
                0x200006b0                __bss_start__ = .
 *(SORT_BY_ALIGNMENT(SORT_BY_NAME(.bss*)))
 .bss.default_alarm_pool_entries
                0x200006b0      0x100 CMakeFiles/pio_ws2812.dir/C_/msys64/home/ebadger/pico-sdk/src/common/pico_time/time.c.obj
 .bss           0x200007b0       0x1c c:/vsarm/armcc/bin/../lib/gcc/arm-none-eabi/10.3.1/thumb/v6-m/nofp/crtbegin.o
 .bss._used_instruction_space
                0x200007cc        0x8 CMakeFiles/pio_ws2812.dir/C_/msys64/home/ebadger/pico-sdk/src/rp2_common/hardware_pio/pio.c.obj
 .bss.alarm_callbacks
                0x200007d4       0x10 CMakeFiles/pio_ws2812.dir/C_/msys64/home/ebadger/pico-sdk/src/rp2_common/hardware_timer/timer.c.obj
 .bss.configured_freq
                0x200007e4       0x28 CMakeFiles/pio_ws2812.dir/C_/msys64/home/ebadger/pico-sdk/src/rp2_common/hardware_clocks/clocks.c.obj
 .bss.default_alarm_pool_entry_ids_high
                0x2000080c       0x10 CMakeFiles/pio_ws2812.dir/C_/msys64/home/ebadger/pico-sdk/src/common/pico_time/time.c.obj
 .bss.default_alarm_pool_heap_nodes
                0x2000081c       0x30 CMakeFiles/pio_ws2812.dir/C_/msys64/home/ebadger/pico-sdk/src/common/pico_time/time.c.obj
 .bss.drivers   0x2000084c        0x4 CMakeFiles/pio_ws2812.dir/C_/msys64/home/ebadger/pico-sdk/src/rp2_common/pico_stdio/stdio.c.obj
 .bss.filter    0x20000850        0x4 CMakeFiles/pio_ws2812.dir/C_/msys64/home/ebadger/pico-sdk/src/rp2_common/pico_stdio/stdio.c.obj
 .bss.pools     0x20000854       0x10 CMakeFiles/pio_ws2812.dir/C_/msys64/home/ebadger/pico-sdk/src/common/pico_time/time.c.obj
 .bss.sd_table  0x20000864      0x100 CMakeFiles/pio_ws2812.dir/C_/msys64/home/ebadger/pico-sdk/src/rp2_common/pico_double/double_init_rom.c.obj
                0x20000864                sd_table
 .bss.sf_clz_func
                0x20000964        0x4 CMakeFiles/pio_ws2812.dir/C_/msys64/home/ebadger/pico-sdk/src/rp2_common/pico_double/double_init_rom.c.obj
                0x20000964                sf_clz_func
 .bss.sf_table  0x20000968      0x100 CMakeFiles/pio_ws2812.dir/C_/msys64/home/ebadger/pico-sdk/src/rp2_common/pico_float/float_init_rom.c.obj
                0x20000968                sf_table
 .bss.sleep_notifier
                0x20000a68        0x4 CMakeFiles/pio_ws2812.dir/C_/msys64/home/ebadger/pico-sdk/src/common/pico_time/time.c.obj
 .bss.target_hi
                0x20000a6c       0x10 CMakeFiles/pio_ws2812.dir/C_/msys64/home/ebadger/pico-sdk/src/rp2_common/hardware_timer/timer.c.obj
 .bss.uart_char_to_line_feed
                0x20000a7c        0x4 CMakeFiles/pio_ws2812.dir/C_/msys64/home/ebadger/pico-sdk/src/rp2_common/hardware_uart/uart.c.obj
                0x20000a7c                uart_char_to_line_feed
 .bss.uart_instance
                0x20000a80        0x4 CMakeFiles/pio_ws2812.dir/C_/msys64/home/ebadger/pico-sdk/src/rp2_common/pico_stdio_uart/stdio_uart.c.obj
 .bss.claimed   0x20000a84        0x1 CMakeFiles/pio_ws2812.dir/C_/msys64/home/ebadger/pico-sdk/src/rp2_common/hardware_timer/timer.c.obj
 .bss.irq_hander_chain_free_slot_head
                0x20000a85        0x1 CMakeFiles/pio_ws2812.dir/C_/msys64/home/ebadger/pico-sdk/src/rp2_common/hardware_irq/irq.c.obj
 .bss.timer_callbacks_pending
                0x20000a86        0x1 CMakeFiles/pio_ws2812.dir/C_/msys64/home/ebadger/pico-sdk/src/rp2_common/hardware_timer/timer.c.obj
 *(COMMON)
                0x20000a88                . = ALIGN (0x4)
 *fill*         0x20000a87        0x1 
                0x20000a88                __bss_end__ = .

.heap           0x20000a88      0x800
                0x20000a88                __end__ = .
                0x20000a88                end = __end__
 *(.heap*)
 .heap          0x20000a88      0x800 CMakeFiles/pio_ws2812.dir/C_/msys64/home/ebadger/pico-sdk/src/rp2_common/pico_standard_link/crt0.S.obj
                0x20001288                __HeapLimit = .

.stack1_dummy   0x20040000        0x0
 *(.stack1*)

.stack_dummy    0x20041000      0x800
 *(.stack*)
 .stack         0x20041000      0x800 CMakeFiles/pio_ws2812.dir/C_/msys64/home/ebadger/pico-sdk/src/rp2_common/pico_standard_link/crt0.S.obj

.flash_end      0x10005f2c        0x0
                0x10005f2c                __flash_binary_end = .
                0x20040000                __StackLimit = (ORIGIN (RAM) + LENGTH (RAM))
                0x20041000                __StackOneTop = (ORIGIN (SCRATCH_X) + LENGTH (SCRATCH_X))
                0x20042000                __StackTop = (ORIGIN (SCRATCH_Y) + LENGTH (SCRATCH_Y))
                0x20041000                __StackOneBottom = (__StackOneTop - SIZEOF (.stack1_dummy))
                0x20041800                __StackBottom = (__StackTop - SIZEOF (.stack_dummy))
                0x20042000                PROVIDE (__stack = __StackTop)
                0x00000001                ASSERT ((__StackLimit >= __HeapLimit), region RAM overflowed)
                0x00000001                ASSERT (((__binary_info_header_end - __logical_binary_start) <= 0x100), Binary info must be in first 256 bytes of the binary)
LOAD CMakeFiles/pio_ws2812.dir/ws2812.c.obj
LOAD CMakeFiles/pio_ws2812.dir/C_/msys64/home/ebadger/pico-sdk/src/rp2_common/pico_stdlib/stdlib.c.obj
LOAD CMakeFiles/pio_ws2812.dir/C_/msys64/home/ebadger/pico-sdk/src/rp2_common/hardware_gpio/gpio.c.obj
LOAD CMakeFiles/pio_ws2812.dir/C_/msys64/home/ebadger/pico-sdk/src/rp2_common/hardware_claim/claim.c.obj
LOAD CMakeFiles/pio_ws2812.dir/C_/msys64/home/ebadger/pico-sdk/src/rp2_common/pico_platform/platform.c.obj
LOAD CMakeFiles/pio_ws2812.dir/C_/msys64/home/ebadger/pico-sdk/src/rp2_common/hardware_sync/sync.c.obj
LOAD CMakeFiles/pio_ws2812.dir/C_/msys64/home/ebadger/pico-sdk/src/rp2_common/hardware_uart/uart.c.obj
LOAD CMakeFiles/pio_ws2812.dir/C_/msys64/home/ebadger/pico-sdk/src/rp2_common/hardware_divider/divider.S.obj
LOAD CMakeFiles/pio_ws2812.dir/C_/msys64/home/ebadger/pico-sdk/src/common/pico_time/time.c.obj
LOAD CMakeFiles/pio_ws2812.dir/C_/msys64/home/ebadger/pico-sdk/src/common/pico_time/timeout_helper.c.obj
LOAD CMakeFiles/pio_ws2812.dir/C_/msys64/home/ebadger/pico-sdk/src/rp2_common/hardware_timer/timer.c.obj
LOAD CMakeFiles/pio_ws2812.dir/C_/msys64/home/ebadger/pico-sdk/src/common/pico_sync/sem.c.obj
LOAD CMakeFiles/pio_ws2812.dir/C_/msys64/home/ebadger/pico-sdk/src/common/pico_sync/lock_core.c.obj
LOAD CMakeFiles/pio_ws2812.dir/C_/msys64/home/ebadger/pico-sdk/src/common/pico_sync/mutex.c.obj
LOAD CMakeFiles/pio_ws2812.dir/C_/msys64/home/ebadger/pico-sdk/src/common/pico_sync/critical_section.c.obj
LOAD CMakeFiles/pio_ws2812.dir/C_/msys64/home/ebadger/pico-sdk/src/common/pico_util/datetime.c.obj
LOAD CMakeFiles/pio_ws2812.dir/C_/msys64/home/ebadger/pico-sdk/src/common/pico_util/pheap.c.obj
LOAD CMakeFiles/pio_ws2812.dir/C_/msys64/home/ebadger/pico-sdk/src/common/pico_util/queue.c.obj
LOAD CMakeFiles/pio_ws2812.dir/C_/msys64/home/ebadger/pico-sdk/src/rp2_common/pico_runtime/runtime.c.obj
LOAD CMakeFiles/pio_ws2812.dir/C_/msys64/home/ebadger/pico-sdk/src/rp2_common/hardware_clocks/clocks.c.obj
LOAD CMakeFiles/pio_ws2812.dir/C_/msys64/home/ebadger/pico-sdk/src/rp2_common/hardware_irq/irq.c.obj
LOAD CMakeFiles/pio_ws2812.dir/C_/msys64/home/ebadger/pico-sdk/src/rp2_common/hardware_irq/irq_handler_chain.S.obj
LOAD CMakeFiles/pio_ws2812.dir/C_/msys64/home/ebadger/pico-sdk/src/rp2_common/hardware_pll/pll.c.obj
LOAD CMakeFiles/pio_ws2812.dir/C_/msys64/home/ebadger/pico-sdk/src/rp2_common/hardware_vreg/vreg.c.obj
LOAD CMakeFiles/pio_ws2812.dir/C_/msys64/home/ebadger/pico-sdk/src/rp2_common/hardware_watchdog/watchdog.c.obj
LOAD CMakeFiles/pio_ws2812.dir/C_/msys64/home/ebadger/pico-sdk/src/rp2_common/hardware_xosc/xosc.c.obj
LOAD CMakeFiles/pio_ws2812.dir/C_/msys64/home/ebadger/pico-sdk/src/rp2_common/pico_printf/printf.c.obj
LOAD CMakeFiles/pio_ws2812.dir/C_/msys64/home/ebadger/pico-sdk/src/rp2_common/pico_bit_ops/bit_ops_aeabi.S.obj
LOAD CMakeFiles/pio_ws2812.dir/C_/msys64/home/ebadger/pico-sdk/src/rp2_common/pico_bootrom/bootrom.c.obj
LOAD CMakeFiles/pio_ws2812.dir/C_/msys64/home/ebadger/pico-sdk/src/rp2_common/pico_divider/divider.S.obj
LOAD CMakeFiles/pio_ws2812.dir/C_/msys64/home/ebadger/pico-sdk/src/rp2_common/pico_double/double_aeabi.S.obj
LOAD CMakeFiles/pio_ws2812.dir/C_/msys64/home/ebadger/pico-sdk/src/rp2_common/pico_double/double_init_rom.c.obj
LOAD CMakeFiles/pio_ws2812.dir/C_/msys64/home/ebadger/pico-sdk/src/rp2_common/pico_double/double_math.c.obj
LOAD CMakeFiles/pio_ws2812.dir/C_/msys64/home/ebadger/pico-sdk/src/rp2_common/pico_double/double_v1_rom_shim.S.obj
LOAD CMakeFiles/pio_ws2812.dir/C_/msys64/home/ebadger/pico-sdk/src/rp2_common/pico_int64_ops/pico_int64_ops_aeabi.S.obj
LOAD CMakeFiles/pio_ws2812.dir/C_/msys64/home/ebadger/pico-sdk/src/rp2_common/pico_float/float_aeabi.S.obj
LOAD CMakeFiles/pio_ws2812.dir/C_/msys64/home/ebadger/pico-sdk/src/rp2_common/pico_float/float_init_rom.c.obj
LOAD CMakeFiles/pio_ws2812.dir/C_/msys64/home/ebadger/pico-sdk/src/rp2_common/pico_float/float_math.c.obj
LOAD CMakeFiles/pio_ws2812.dir/C_/msys64/home/ebadger/pico-sdk/src/rp2_common/pico_float/float_v1_rom_shim.S.obj
LOAD CMakeFiles/pio_ws2812.dir/C_/msys64/home/ebadger/pico-sdk/src/rp2_common/pico_malloc/pico_malloc.c.obj
LOAD CMakeFiles/pio_ws2812.dir/C_/msys64/home/ebadger/pico-sdk/src/rp2_common/pico_mem_ops/mem_ops_aeabi.S.obj
LOAD CMakeFiles/pio_ws2812.dir/C_/msys64/home/ebadger/pico-sdk/src/rp2_common/pico_standard_link/crt0.S.obj
LOAD CMakeFiles/pio_ws2812.dir/C_/msys64/home/ebadger/pico-sdk/src/rp2_common/pico_standard_link/new_delete.cpp.obj
LOAD CMakeFiles/pio_ws2812.dir/C_/msys64/home/ebadger/pico-sdk/src/rp2_common/pico_standard_link/binary_info.c.obj
LOAD CMakeFiles/pio_ws2812.dir/C_/msys64/home/ebadger/pico-sdk/src/rp2_common/pico_stdio/stdio.c.obj
LOAD CMakeFiles/pio_ws2812.dir/C_/msys64/home/ebadger/pico-sdk/src/rp2_common/pico_stdio_uart/stdio_uart.c.obj
LOAD CMakeFiles/pio_ws2812.dir/C_/msys64/home/ebadger/pico-sdk/src/rp2_common/hardware_pio/pio.c.obj
LOAD C:\Users\ebadger\AppData\Local\Temp\ccEp56Xh.o
LOAD c:/vsarm/armcc/bin/../lib/gcc/arm-none-eabi/10.3.1/../../../../arm-none-eabi/lib/thumb/v6-m/nofp\libstdc++.a
LOAD c:/vsarm/armcc/bin/../lib/gcc/arm-none-eabi/10.3.1/../../../../arm-none-eabi/lib/thumb/v6-m/nofp\libm.a
START GROUP
LOAD c:/vsarm/armcc/bin/../lib/gcc/arm-none-eabi/10.3.1/thumb/v6-m/nofp\libgcc.a
LOAD c:/vsarm/armcc/bin/../lib/gcc/arm-none-eabi/10.3.1/../../../../arm-none-eabi/lib/thumb/v6-m/nofp\libg.a
LOAD c:/vsarm/armcc/bin/../lib/gcc/arm-none-eabi/10.3.1/../../../../arm-none-eabi/lib/thumb/v6-m/nofp\libc.a
END GROUP
START GROUP
LOAD c:/vsarm/armcc/bin/../lib/gcc/arm-none-eabi/10.3.1/thumb/v6-m/nofp\libgcc.a
LOAD c:/vsarm/armcc/bin/../lib/gcc/arm-none-eabi/10.3.1/../../../../arm-none-eabi/lib/thumb/v6-m/nofp\libc.a
LOAD c:/vsarm/armcc/bin/../lib/gcc/arm-none-eabi/10.3.1/../../../../arm-none-eabi/lib/thumb/v6-m/nofp\libnosys.a
END GROUP
LOAD c:/vsarm/armcc/bin/../lib/gcc/arm-none-eabi/10.3.1/thumb/v6-m/nofp/crtend.o
LOAD c:/vsarm/armcc/bin/../lib/gcc/arm-none-eabi/10.3.1/thumb/v6-m/nofp/crtn.o
OUTPUT(pio_ws2812.elf elf32-littlearm)
LOAD linker stubs

.ARM.attributes
                0x00000000       0x28
 .ARM.attributes
                0x00000000       0x1e c:/vsarm/armcc/bin/../lib/gcc/arm-none-eabi/10.3.1/thumb/v6-m/nofp/crti.o
 .ARM.attributes
                0x0000001e       0x2c c:/vsarm/armcc/bin/../lib/gcc/arm-none-eabi/10.3.1/thumb/v6-m/nofp/crtbegin.o
 .ARM.attributes
                0x0000004a       0x2c CMakeFiles/pio_ws2812.dir/ws2812.c.obj
 .ARM.attributes
                0x00000076       0x2c CMakeFiles/pio_ws2812.dir/C_/msys64/home/ebadger/pico-sdk/src/rp2_common/hardware_gpio/gpio.c.obj
 .ARM.attributes
                0x000000a2       0x2c CMakeFiles/pio_ws2812.dir/C_/msys64/home/ebadger/pico-sdk/src/rp2_common/hardware_claim/claim.c.obj
 .ARM.attributes
                0x000000ce       0x2c CMakeFiles/pio_ws2812.dir/C_/msys64/home/ebadger/pico-sdk/src/rp2_common/pico_platform/platform.c.obj
 .ARM.attributes
                0x000000fa       0x2c CMakeFiles/pio_ws2812.dir/C_/msys64/home/ebadger/pico-sdk/src/rp2_common/hardware_sync/sync.c.obj
 .ARM.attributes
                0x00000126       0x2c CMakeFiles/pio_ws2812.dir/C_/msys64/home/ebadger/pico-sdk/src/rp2_common/hardware_uart/uart.c.obj
 .ARM.attributes
                0x00000152       0x2c CMakeFiles/pio_ws2812.dir/C_/msys64/home/ebadger/pico-sdk/src/common/pico_time/time.c.obj
 .ARM.attributes
                0x0000017e       0x2c CMakeFiles/pio_ws2812.dir/C_/msys64/home/ebadger/pico-sdk/src/rp2_common/hardware_timer/timer.c.obj
 .ARM.attributes
                0x000001aa       0x2c CMakeFiles/pio_ws2812.dir/C_/msys64/home/ebadger/pico-sdk/src/common/pico_sync/lock_core.c.obj
 .ARM.attributes
                0x000001d6       0x2c CMakeFiles/pio_ws2812.dir/C_/msys64/home/ebadger/pico-sdk/src/common/pico_sync/mutex.c.obj
 .ARM.attributes
                0x00000202       0x2c CMakeFiles/pio_ws2812.dir/C_/msys64/home/ebadger/pico-sdk/src/common/pico_util/pheap.c.obj
 .ARM.attributes
                0x0000022e       0x2c CMakeFiles/pio_ws2812.dir/C_/msys64/home/ebadger/pico-sdk/src/rp2_common/pico_runtime/runtime.c.obj
 .ARM.attributes
                0x0000025a       0x2c CMakeFiles/pio_ws2812.dir/C_/msys64/home/ebadger/pico-sdk/src/rp2_common/hardware_clocks/clocks.c.obj
 .ARM.attributes
                0x00000286       0x2c CMakeFiles/pio_ws2812.dir/C_/msys64/home/ebadger/pico-sdk/src/rp2_common/hardware_irq/irq.c.obj
 .ARM.attributes
                0x000002b2       0x22 CMakeFiles/pio_ws2812.dir/C_/msys64/home/ebadger/pico-sdk/src/rp2_common/hardware_irq/irq_handler_chain.S.obj
 .ARM.attributes
                0x000002d4       0x2c CMakeFiles/pio_ws2812.dir/C_/msys64/home/ebadger/pico-sdk/src/rp2_common/hardware_pll/pll.c.obj
 .ARM.attributes
                0x00000300       0x2c CMakeFiles/pio_ws2812.dir/C_/msys64/home/ebadger/pico-sdk/src/rp2_common/hardware_watchdog/watchdog.c.obj
 .ARM.attributes
                0x0000032c       0x2c CMakeFiles/pio_ws2812.dir/C_/msys64/home/ebadger/pico-sdk/src/rp2_common/hardware_xosc/xosc.c.obj
 .ARM.attributes
                0x00000358       0x2c CMakeFiles/pio_ws2812.dir/C_/msys64/home/ebadger/pico-sdk/src/rp2_common/pico_printf/printf.c.obj
 .ARM.attributes
                0x00000384       0x22 CMakeFiles/pio_ws2812.dir/C_/msys64/home/ebadger/pico-sdk/src/rp2_common/pico_bit_ops/bit_ops_aeabi.S.obj
 .ARM.attributes
                0x000003a6       0x2c CMakeFiles/pio_ws2812.dir/C_/msys64/home/ebadger/pico-sdk/src/rp2_common/pico_bootrom/bootrom.c.obj
 .ARM.attributes
                0x000003d2       0x22 CMakeFiles/pio_ws2812.dir/C_/msys64/home/ebadger/pico-sdk/src/rp2_common/pico_divider/divider.S.obj
 .ARM.attributes
                0x000003f4       0x22 CMakeFiles/pio_ws2812.dir/C_/msys64/home/ebadger/pico-sdk/src/rp2_common/pico_double/double_aeabi.S.obj
 .ARM.attributes
                0x00000416       0x2c CMakeFiles/pio_ws2812.dir/C_/msys64/home/ebadger/pico-sdk/src/rp2_common/pico_double/double_init_rom.c.obj
 .ARM.attributes
                0x00000442       0x22 CMakeFiles/pio_ws2812.dir/C_/msys64/home/ebadger/pico-sdk/src/rp2_common/pico_double/double_v1_rom_shim.S.obj
 .ARM.attributes
                0x00000464       0x22 CMakeFiles/pio_ws2812.dir/C_/msys64/home/ebadger/pico-sdk/src/rp2_common/pico_int64_ops/pico_int64_ops_aeabi.S.obj
 .ARM.attributes
                0x00000486       0x22 CMakeFiles/pio_ws2812.dir/C_/msys64/home/ebadger/pico-sdk/src/rp2_common/pico_float/float_aeabi.S.obj
 .ARM.attributes
                0x000004a8       0x2c CMakeFiles/pio_ws2812.dir/C_/msys64/home/ebadger/pico-sdk/src/rp2_common/pico_float/float_init_rom.c.obj
 .ARM.attributes
                0x000004d4       0x22 CMakeFiles/pio_ws2812.dir/C_/msys64/home/ebadger/pico-sdk/src/rp2_common/pico_float/float_v1_rom_shim.S.obj
 .ARM.attributes
                0x000004f6       0x22 CMakeFiles/pio_ws2812.dir/C_/msys64/home/ebadger/pico-sdk/src/rp2_common/pico_mem_ops/mem_ops_aeabi.S.obj
 .ARM.attributes
                0x00000518       0x22 CMakeFiles/pio_ws2812.dir/C_/msys64/home/ebadger/pico-sdk/src/rp2_common/pico_standard_link/crt0.S.obj
 .ARM.attributes
                0x0000053a       0x2c CMakeFiles/pio_ws2812.dir/C_/msys64/home/ebadger/pico-sdk/src/rp2_common/pico_standard_link/binary_info.c.obj
 .ARM.attributes
                0x00000566       0x2c CMakeFiles/pio_ws2812.dir/C_/msys64/home/ebadger/pico-sdk/src/rp2_common/pico_stdio/stdio.c.obj
 .ARM.attributes
                0x00000592       0x2c CMakeFiles/pio_ws2812.dir/C_/msys64/home/ebadger/pico-sdk/src/rp2_common/pico_stdio_uart/stdio_uart.c.obj
 .ARM.attributes
                0x000005be       0x2c CMakeFiles/pio_ws2812.dir/C_/msys64/home/ebadger/pico-sdk/src/rp2_common/hardware_pio/pio.c.obj
 .ARM.attributes
                0x000005ea       0x22 C:\Users\ebadger\AppData\Local\Temp\ccEp56Xh.o
 .ARM.attributes
                0x0000060c       0x1e c:/vsarm/armcc/bin/../lib/gcc/arm-none-eabi/10.3.1/thumb/v6-m/nofp\libgcc.a(_dvmd_tls.o)
 .ARM.attributes
                0x0000062a       0x2c c:/vsarm/armcc/bin/../lib/gcc/arm-none-eabi/10.3.1/../../../../arm-none-eabi/lib/thumb/v6-m/nofp\libg.a(lib_a-impure.o)
 .ARM.attributes
                0x00000656       0x2c c:/vsarm/armcc/bin/../lib/gcc/arm-none-eabi/10.3.1/../../../../arm-none-eabi/lib/thumb/v6-m/nofp\libg.a(lib_a-rand.o)
 .ARM.attributes
                0x00000682       0x2c c:/vsarm/armcc/bin/../lib/gcc/arm-none-eabi/10.3.1/../../../../arm-none-eabi/lib/thumb/v6-m/nofp\libg.a(lib_a-strlen-stub.o)

.comment        0x00000000       0x49
 .comment       0x00000000       0x49 CMakeFiles/pio_ws2812.dir/ws2812.c.obj
                                 0x4a (size before relaxing)
 .comment       0x00000049       0x4a CMakeFiles/pio_ws2812.dir/C_/msys64/home/ebadger/pico-sdk/src/rp2_common/hardware_gpio/gpio.c.obj
 .comment       0x00000049       0x4a CMakeFiles/pio_ws2812.dir/C_/msys64/home/ebadger/pico-sdk/src/rp2_common/hardware_claim/claim.c.obj
 .comment       0x00000049       0x4a CMakeFiles/pio_ws2812.dir/C_/msys64/home/ebadger/pico-sdk/src/rp2_common/pico_platform/platform.c.obj
 .comment       0x00000049       0x4a CMakeFiles/pio_ws2812.dir/C_/msys64/home/ebadger/pico-sdk/src/rp2_common/hardware_sync/sync.c.obj
 .comment       0x00000049       0x4a CMakeFiles/pio_ws2812.dir/C_/msys64/home/ebadger/pico-sdk/src/rp2_common/hardware_uart/uart.c.obj
 .comment       0x00000049       0x4a CMakeFiles/pio_ws2812.dir/C_/msys64/home/ebadger/pico-sdk/src/common/pico_time/time.c.obj
 .comment       0x00000049       0x4a CMakeFiles/pio_ws2812.dir/C_/msys64/home/ebadger/pico-sdk/src/rp2_common/hardware_timer/timer.c.obj
 .comment       0x00000049       0x4a CMakeFiles/pio_ws2812.dir/C_/msys64/home/ebadger/pico-sdk/src/common/pico_sync/lock_core.c.obj
 .comment       0x00000049       0x4a CMakeFiles/pio_ws2812.dir/C_/msys64/home/ebadger/pico-sdk/src/common/pico_sync/mutex.c.obj
 .comment       0x00000049       0x4a CMakeFiles/pio_ws2812.dir/C_/msys64/home/ebadger/pico-sdk/src/common/pico_util/pheap.c.obj
 .comment       0x00000049       0x4a CMakeFiles/pio_ws2812.dir/C_/msys64/home/ebadger/pico-sdk/src/rp2_common/pico_runtime/runtime.c.obj
 .comment       0x00000049       0x4a CMakeFiles/pio_ws2812.dir/C_/msys64/home/ebadger/pico-sdk/src/rp2_common/hardware_clocks/clocks.c.obj
 .comment       0x00000049       0x4a CMakeFiles/pio_ws2812.dir/C_/msys64/home/ebadger/pico-sdk/src/rp2_common/hardware_irq/irq.c.obj
 .comment       0x00000049       0x4a CMakeFiles/pio_ws2812.dir/C_/msys64/home/ebadger/pico-sdk/src/rp2_common/hardware_pll/pll.c.obj
 .comment       0x00000049       0x4a CMakeFiles/pio_ws2812.dir/C_/msys64/home/ebadger/pico-sdk/src/rp2_common/hardware_watchdog/watchdog.c.obj
 .comment       0x00000049       0x4a CMakeFiles/pio_ws2812.dir/C_/msys64/home/ebadger/pico-sdk/src/rp2_common/hardware_xosc/xosc.c.obj
 .comment       0x00000049       0x4a CMakeFiles/pio_ws2812.dir/C_/msys64/home/ebadger/pico-sdk/src/rp2_common/pico_printf/printf.c.obj
 .comment       0x00000049       0x4a CMakeFiles/pio_ws2812.dir/C_/msys64/home/ebadger/pico-sdk/src/rp2_common/pico_bootrom/bootrom.c.obj
 .comment       0x00000049       0x4a CMakeFiles/pio_ws2812.dir/C_/msys64/home/ebadger/pico-sdk/src/rp2_common/pico_double/double_init_rom.c.obj
 .comment       0x00000049       0x4a CMakeFiles/pio_ws2812.dir/C_/msys64/home/ebadger/pico-sdk/src/rp2_common/pico_float/float_init_rom.c.obj
 .comment       0x00000049       0x4a CMakeFiles/pio_ws2812.dir/C_/msys64/home/ebadger/pico-sdk/src/rp2_common/pico_standard_link/binary_info.c.obj
 .comment       0x00000049       0x4a CMakeFiles/pio_ws2812.dir/C_/msys64/home/ebadger/pico-sdk/src/rp2_common/pico_stdio/stdio.c.obj
 .comment       0x00000049       0x4a CMakeFiles/pio_ws2812.dir/C_/msys64/home/ebadger/pico-sdk/src/rp2_common/pico_stdio_uart/stdio_uart.c.obj
 .comment       0x00000049       0x4a CMakeFiles/pio_ws2812.dir/C_/msys64/home/ebadger/pico-sdk/src/rp2_common/hardware_pio/pio.c.obj

.debug_info     0x00000000    0x16cfe
 .debug_info    0x00000000     0x18f9 CMakeFiles/pio_ws2812.dir/ws2812.c.obj
 .debug_info    0x000018f9     0x1491 CMakeFiles/pio_ws2812.dir/C_/msys64/home/ebadger/pico-sdk/src/rp2_common/hardware_gpio/gpio.c.obj
 .debug_info    0x00002d8a      0x6bb CMakeFiles/pio_ws2812.dir/C_/msys64/home/ebadger/pico-sdk/src/rp2_common/hardware_claim/claim.c.obj
 .debug_info    0x00003445      0x1e3 CMakeFiles/pio_ws2812.dir/C_/msys64/home/ebadger/pico-sdk/src/rp2_common/pico_platform/platform.c.obj
 .debug_info    0x00003628      0x58e CMakeFiles/pio_ws2812.dir/C_/msys64/home/ebadger/pico-sdk/src/rp2_common/hardware_sync/sync.c.obj
 .debug_info    0x00003bb6      0xb65 CMakeFiles/pio_ws2812.dir/C_/msys64/home/ebadger/pico-sdk/src/rp2_common/hardware_uart/uart.c.obj
 .debug_info    0x0000471b     0x3b3b CMakeFiles/pio_ws2812.dir/C_/msys64/home/ebadger/pico-sdk/src/common/pico_time/time.c.obj
 .debug_info    0x00008256     0x1134 CMakeFiles/pio_ws2812.dir/C_/msys64/home/ebadger/pico-sdk/src/rp2_common/hardware_timer/timer.c.obj
 .debug_info    0x0000938a      0x1a4 CMakeFiles/pio_ws2812.dir/C_/msys64/home/ebadger/pico-sdk/src/common/pico_sync/lock_core.c.obj
 .debug_info    0x0000952e     0x2022 CMakeFiles/pio_ws2812.dir/C_/msys64/home/ebadger/pico-sdk/src/common/pico_sync/mutex.c.obj
 .debug_info    0x0000b550     0x120c CMakeFiles/pio_ws2812.dir/C_/msys64/home/ebadger/pico-sdk/src/common/pico_util/pheap.c.obj
 .debug_info    0x0000c75c      0xa87 CMakeFiles/pio_ws2812.dir/C_/msys64/home/ebadger/pico-sdk/src/rp2_common/pico_runtime/runtime.c.obj
 .debug_info    0x0000d1e3      0xf6c CMakeFiles/pio_ws2812.dir/C_/msys64/home/ebadger/pico-sdk/src/rp2_common/hardware_clocks/clocks.c.obj
 .debug_info    0x0000e14f     0x1968 CMakeFiles/pio_ws2812.dir/C_/msys64/home/ebadger/pico-sdk/src/rp2_common/hardware_irq/irq.c.obj
 .debug_info    0x0000fab7      0x51b CMakeFiles/pio_ws2812.dir/C_/msys64/home/ebadger/pico-sdk/src/rp2_common/hardware_pll/pll.c.obj
 .debug_info    0x0000ffd2      0x4ee CMakeFiles/pio_ws2812.dir/C_/msys64/home/ebadger/pico-sdk/src/rp2_common/hardware_watchdog/watchdog.c.obj
 .debug_info    0x000104c0      0x1d8 CMakeFiles/pio_ws2812.dir/C_/msys64/home/ebadger/pico-sdk/src/rp2_common/hardware_xosc/xosc.c.obj
 .debug_info    0x00010698     0x1a5f CMakeFiles/pio_ws2812.dir/C_/msys64/home/ebadger/pico-sdk/src/rp2_common/pico_printf/printf.c.obj
 .debug_info    0x000120f7       0x22 CMakeFiles/pio_ws2812.dir/C_/msys64/home/ebadger/pico-sdk/src/rp2_common/pico_bit_ops/bit_ops_aeabi.S.obj
 .debug_info    0x00012119      0x27c CMakeFiles/pio_ws2812.dir/C_/msys64/home/ebadger/pico-sdk/src/rp2_common/pico_bootrom/bootrom.c.obj
 .debug_info    0x00012395       0x22 CMakeFiles/pio_ws2812.dir/C_/msys64/home/ebadger/pico-sdk/src/rp2_common/pico_divider/divider.S.obj
 .debug_info    0x000123b7       0x22 CMakeFiles/pio_ws2812.dir/C_/msys64/home/ebadger/pico-sdk/src/rp2_common/pico_double/double_aeabi.S.obj
 .debug_info    0x000123d9      0x2d1 CMakeFiles/pio_ws2812.dir/C_/msys64/home/ebadger/pico-sdk/src/rp2_common/pico_double/double_init_rom.c.obj
 .debug_info    0x000126aa       0x22 CMakeFiles/pio_ws2812.dir/C_/msys64/home/ebadger/pico-sdk/src/rp2_common/pico_double/double_v1_rom_shim.S.obj
 .debug_info    0x000126cc       0x26 CMakeFiles/pio_ws2812.dir/C_/msys64/home/ebadger/pico-sdk/src/rp2_common/pico_int64_ops/pico_int64_ops_aeabi.S.obj
 .debug_info    0x000126f2       0x22 CMakeFiles/pio_ws2812.dir/C_/msys64/home/ebadger/pico-sdk/src/rp2_common/pico_float/float_aeabi.S.obj
 .debug_info    0x00012714      0x2eb CMakeFiles/pio_ws2812.dir/C_/msys64/home/ebadger/pico-sdk/src/rp2_common/pico_float/float_init_rom.c.obj
 .debug_info    0x000129ff       0x22 CMakeFiles/pio_ws2812.dir/C_/msys64/home/ebadger/pico-sdk/src/rp2_common/pico_float/float_v1_rom_shim.S.obj
 .debug_info    0x00012a21       0x22 CMakeFiles/pio_ws2812.dir/C_/msys64/home/ebadger/pico-sdk/src/rp2_common/pico_mem_ops/mem_ops_aeabi.S.obj
 .debug_info    0x00012a43       0x22 CMakeFiles/pio_ws2812.dir/C_/msys64/home/ebadger/pico-sdk/src/rp2_common/pico_standard_link/crt0.S.obj
 .debug_info    0x00012a65      0x2f6 CMakeFiles/pio_ws2812.dir/C_/msys64/home/ebadger/pico-sdk/src/rp2_common/pico_standard_link/binary_info.c.obj
 .debug_info    0x00012d5b     0x12ed CMakeFiles/pio_ws2812.dir/C_/msys64/home/ebadger/pico-sdk/src/rp2_common/pico_stdio/stdio.c.obj
 .debug_info    0x00014048      0xc41 CMakeFiles/pio_ws2812.dir/C_/msys64/home/ebadger/pico-sdk/src/rp2_common/pico_stdio_uart/stdio_uart.c.obj
 .debug_info    0x00014c89     0x2075 CMakeFiles/pio_ws2812.dir/C_/msys64/home/ebadger/pico-sdk/src/rp2_common/hardware_pio/pio.c.obj

.debug_abbrev   0x00000000     0x4654
 .debug_abbrev  0x00000000      0x470 CMakeFiles/pio_ws2812.dir/ws2812.c.obj
 .debug_abbrev  0x00000470      0x2c4 CMakeFiles/pio_ws2812.dir/C_/msys64/home/ebadger/pico-sdk/src/rp2_common/hardware_gpio/gpio.c.obj
 .debug_abbrev  0x00000734      0x2e9 CMakeFiles/pio_ws2812.dir/C_/msys64/home/ebadger/pico-sdk/src/rp2_common/hardware_claim/claim.c.obj
 .debug_abbrev  0x00000a1d       0xeb CMakeFiles/pio_ws2812.dir/C_/msys64/home/ebadger/pico-sdk/src/rp2_common/pico_platform/platform.c.obj
 .debug_abbrev  0x00000b08      0x21b CMakeFiles/pio_ws2812.dir/C_/msys64/home/ebadger/pico-sdk/src/rp2_common/hardware_sync/sync.c.obj
 .debug_abbrev  0x00000d23      0x2d2 CMakeFiles/pio_ws2812.dir/C_/msys64/home/ebadger/pico-sdk/src/rp2_common/hardware_uart/uart.c.obj
 .debug_abbrev  0x00000ff5      0x54d CMakeFiles/pio_ws2812.dir/C_/msys64/home/ebadger/pico-sdk/src/common/pico_time/time.c.obj
 .debug_abbrev  0x00001542      0x3a2 CMakeFiles/pio_ws2812.dir/C_/msys64/home/ebadger/pico-sdk/src/rp2_common/hardware_timer/timer.c.obj
 .debug_abbrev  0x000018e4      0x116 CMakeFiles/pio_ws2812.dir/C_/msys64/home/ebadger/pico-sdk/src/common/pico_sync/lock_core.c.obj
 .debug_abbrev  0x000019fa      0x386 CMakeFiles/pio_ws2812.dir/C_/msys64/home/ebadger/pico-sdk/src/common/pico_sync/mutex.c.obj
 .debug_abbrev  0x00001d80      0x297 CMakeFiles/pio_ws2812.dir/C_/msys64/home/ebadger/pico-sdk/src/common/pico_util/pheap.c.obj
 .debug_abbrev  0x00002017      0x3aa CMakeFiles/pio_ws2812.dir/C_/msys64/home/ebadger/pico-sdk/src/rp2_common/pico_runtime/runtime.c.obj
 .debug_abbrev  0x000023c1      0x3a5 CMakeFiles/pio_ws2812.dir/C_/msys64/home/ebadger/pico-sdk/src/rp2_common/hardware_clocks/clocks.c.obj
 .debug_abbrev  0x00002766      0x4cd CMakeFiles/pio_ws2812.dir/C_/msys64/home/ebadger/pico-sdk/src/rp2_common/hardware_irq/irq.c.obj
 .debug_abbrev  0x00002c33      0x1ea CMakeFiles/pio_ws2812.dir/C_/msys64/home/ebadger/pico-sdk/src/rp2_common/hardware_pll/pll.c.obj
 .debug_abbrev  0x00002e1d      0x1a8 CMakeFiles/pio_ws2812.dir/C_/msys64/home/ebadger/pico-sdk/src/rp2_common/hardware_watchdog/watchdog.c.obj
 .debug_abbrev  0x00002fc5      0x109 CMakeFiles/pio_ws2812.dir/C_/msys64/home/ebadger/pico-sdk/src/rp2_common/hardware_xosc/xosc.c.obj
 .debug_abbrev  0x000030ce      0x384 CMakeFiles/pio_ws2812.dir/C_/msys64/home/ebadger/pico-sdk/src/rp2_common/pico_printf/printf.c.obj
 .debug_abbrev  0x00003452       0x12 CMakeFiles/pio_ws2812.dir/C_/msys64/home/ebadger/pico-sdk/src/rp2_common/pico_bit_ops/bit_ops_aeabi.S.obj
 .debug_abbrev  0x00003464      0x13b CMakeFiles/pio_ws2812.dir/C_/msys64/home/ebadger/pico-sdk/src/rp2_common/pico_bootrom/bootrom.c.obj
 .debug_abbrev  0x0000359f       0x12 CMakeFiles/pio_ws2812.dir/C_/msys64/home/ebadger/pico-sdk/src/rp2_common/pico_divider/divider.S.obj
 .debug_abbrev  0x000035b1       0x12 CMakeFiles/pio_ws2812.dir/C_/msys64/home/ebadger/pico-sdk/src/rp2_common/pico_double/double_aeabi.S.obj
 .debug_abbrev  0x000035c3      0x179 CMakeFiles/pio_ws2812.dir/C_/msys64/home/ebadger/pico-sdk/src/rp2_common/pico_double/double_init_rom.c.obj
 .debug_abbrev  0x0000373c       0x12 CMakeFiles/pio_ws2812.dir/C_/msys64/home/ebadger/pico-sdk/src/rp2_common/pico_double/double_v1_rom_shim.S.obj
 .debug_abbrev  0x0000374e       0x14 CMakeFiles/pio_ws2812.dir/C_/msys64/home/ebadger/pico-sdk/src/rp2_common/pico_int64_ops/pico_int64_ops_aeabi.S.obj
 .debug_abbrev  0x00003762       0x12 CMakeFiles/pio_ws2812.dir/C_/msys64/home/ebadger/pico-sdk/src/rp2_common/pico_float/float_aeabi.S.obj
 .debug_abbrev  0x00003774      0x18c CMakeFiles/pio_ws2812.dir/C_/msys64/home/ebadger/pico-sdk/src/rp2_common/pico_float/float_init_rom.c.obj
 .debug_abbrev  0x00003900       0x12 CMakeFiles/pio_ws2812.dir/C_/msys64/home/ebadger/pico-sdk/src/rp2_common/pico_float/float_v1_rom_shim.S.obj
 .debug_abbrev  0x00003912       0x12 CMakeFiles/pio_ws2812.dir/C_/msys64/home/ebadger/pico-sdk/src/rp2_common/pico_mem_ops/mem_ops_aeabi.S.obj
 .debug_abbrev  0x00003924       0x12 CMakeFiles/pio_ws2812.dir/C_/msys64/home/ebadger/pico-sdk/src/rp2_common/pico_standard_link/crt0.S.obj
 .debug_abbrev  0x00003936       0xad CMakeFiles/pio_ws2812.dir/C_/msys64/home/ebadger/pico-sdk/src/rp2_common/pico_standard_link/binary_info.c.obj
 .debug_abbrev  0x000039e3      0x4a7 CMakeFiles/pio_ws2812.dir/C_/msys64/home/ebadger/pico-sdk/src/rp2_common/pico_stdio/stdio.c.obj
 .debug_abbrev  0x00003e8a      0x386 CMakeFiles/pio_ws2812.dir/C_/msys64/home/ebadger/pico-sdk/src/rp2_common/pico_stdio_uart/stdio_uart.c.obj
 .debug_abbrev  0x00004210      0x444 CMakeFiles/pio_ws2812.dir/C_/msys64/home/ebadger/pico-sdk/src/rp2_common/hardware_pio/pio.c.obj

.debug_loc      0x00000000     0xfb64
 .debug_loc     0x00000000      0xc8b CMakeFiles/pio_ws2812.dir/ws2812.c.obj
 .debug_loc     0x00000c8b      0xede CMakeFiles/pio_ws2812.dir/C_/msys64/home/ebadger/pico-sdk/src/rp2_common/hardware_gpio/gpio.c.obj
 .debug_loc     0x00001b69      0x45f CMakeFiles/pio_ws2812.dir/C_/msys64/home/ebadger/pico-sdk/src/rp2_common/hardware_claim/claim.c.obj
 .debug_loc     0x00001fc8       0xe9 CMakeFiles/pio_ws2812.dir/C_/msys64/home/ebadger/pico-sdk/src/rp2_common/pico_platform/platform.c.obj
 .debug_loc     0x000020b1      0x233 CMakeFiles/pio_ws2812.dir/C_/msys64/home/ebadger/pico-sdk/src/rp2_common/hardware_sync/sync.c.obj
 .debug_loc     0x000022e4      0x520 CMakeFiles/pio_ws2812.dir/C_/msys64/home/ebadger/pico-sdk/src/rp2_common/hardware_uart/uart.c.obj
 .debug_loc     0x00002804     0x2e2a CMakeFiles/pio_ws2812.dir/C_/msys64/home/ebadger/pico-sdk/src/common/pico_time/time.c.obj
 .debug_loc     0x0000562e      0x952 CMakeFiles/pio_ws2812.dir/C_/msys64/home/ebadger/pico-sdk/src/rp2_common/hardware_timer/timer.c.obj
 .debug_loc     0x00005f80       0x60 CMakeFiles/pio_ws2812.dir/C_/msys64/home/ebadger/pico-sdk/src/common/pico_sync/lock_core.c.obj
 .debug_loc     0x00005fe0     0x1469 CMakeFiles/pio_ws2812.dir/C_/msys64/home/ebadger/pico-sdk/src/common/pico_sync/mutex.c.obj
 .debug_loc     0x00007449     0x1439 CMakeFiles/pio_ws2812.dir/C_/msys64/home/ebadger/pico-sdk/src/common/pico_util/pheap.c.obj
 .debug_loc     0x00008882      0x3f0 CMakeFiles/pio_ws2812.dir/C_/msys64/home/ebadger/pico-sdk/src/rp2_common/pico_runtime/runtime.c.obj
 .debug_loc     0x00008c72      0x7eb CMakeFiles/pio_ws2812.dir/C_/msys64/home/ebadger/pico-sdk/src/rp2_common/hardware_clocks/clocks.c.obj
 .debug_loc     0x0000945d     0x1274 CMakeFiles/pio_ws2812.dir/C_/msys64/home/ebadger/pico-sdk/src/rp2_common/hardware_irq/irq.c.obj
 .debug_loc     0x0000a6d1      0x300 CMakeFiles/pio_ws2812.dir/C_/msys64/home/ebadger/pico-sdk/src/rp2_common/hardware_pll/pll.c.obj
 .debug_loc     0x0000a9d1      0x2ec CMakeFiles/pio_ws2812.dir/C_/msys64/home/ebadger/pico-sdk/src/rp2_common/hardware_watchdog/watchdog.c.obj
 .debug_loc     0x0000acbd       0x71 CMakeFiles/pio_ws2812.dir/C_/msys64/home/ebadger/pico-sdk/src/rp2_common/hardware_xosc/xosc.c.obj
 .debug_loc     0x0000ad2e     0x2095 CMakeFiles/pio_ws2812.dir/C_/msys64/home/ebadger/pico-sdk/src/rp2_common/pico_printf/printf.c.obj
 .debug_loc     0x0000cdc3      0x1a1 CMakeFiles/pio_ws2812.dir/C_/msys64/home/ebadger/pico-sdk/src/rp2_common/pico_bootrom/bootrom.c.obj
 .debug_loc     0x0000cf64       0x59 CMakeFiles/pio_ws2812.dir/C_/msys64/home/ebadger/pico-sdk/src/rp2_common/pico_double/double_init_rom.c.obj
 .debug_loc     0x0000cfbd       0x73 CMakeFiles/pio_ws2812.dir/C_/msys64/home/ebadger/pico-sdk/src/rp2_common/pico_float/float_init_rom.c.obj
 .debug_loc     0x0000d030      0xbad CMakeFiles/pio_ws2812.dir/C_/msys64/home/ebadger/pico-sdk/src/rp2_common/pico_stdio/stdio.c.obj